Script started on 2022-03-25 13:43:56+05:30 [TERM="xterm-256color" TTY="/dev/tty1" COLUMNS="168" LINES="44"]
]0;aman-sharma@TIGER02413: /mnt/d/mle_program/git_learning[01;32maman-sharma@TIGER02413[00m:[01;34m/mnt/d/mle_program/git_learning[00m$ git status
On branch main
Your branch is up to date with 'origin/main'.

Untracked files:
  (use "git add <file>..." to include in what will be committed)
	[31m./[m

nothing added to commit but untracked files present (use "git add" to track)
]0;aman-sharma@TIGER02413: /mnt/d/mle_program/git_learning[01;32maman-sharma@TIGER02413[00m:[01;34m/mnt/d/mle_program/git_learning[00m$ cd ..
]0;aman-sharma@TIGER02413: /mnt/d/mle_program[01;32maman-sharma@TIGER02413[00m:[01;34m/mnt/d/mle_program[00m$ git status
On branch main
Your branch is up to date with 'origin/main'.

Untracked files:
  (use "git add <file>..." to include in what will be committed)
	[31mgit_learning/[m

nothing added to commit but untracked files present (use "git add" to track)
]0;aman-sharma@TIGER02413: /mnt/d/mle_program[01;32maman-sharma@TIGER02413[00m:[01;34m/mnt/d/mle_program[00m$ cd git_learning/
]0;aman-sharma@TIGER02413: /mnt/d/mle_program/git_learning[01;32maman-sharma@TIGER02413[00m:[01;34m/mnt/d/mle_program/git_learning[00m$ git config --list --show-origin
[?1h=file:/home/aman-sharma/.gitconfig       user.name=Aman[m
file:/home/aman-sharma/.gitconfig       user.email=aman.sharma@tigeranalytics.com[m
file:.git/config        core.repositoryformatversion=0[m
file:.git/config        core.filemode=false[m
file:.git/config        core.bare=false[m
file:.git/config        core.logallrefupdates=true[m
file:.git/config        core.ignorecase=true[m
file:.git/config        remote.origin.url=https://github.com/aman-sharma-tiger/mle_program.git[m
file:.git/config        remote.origin.fetch=+refs/heads/*:refs/remotes/origin/*[m
file:.git/config        branch.main.remote=origin[m
file:.git/config        branch.main.merge=refs/heads/main[m
[K[?1l>]0;aman-sharma@TIGER02413: /mnt/d/mle_program/git_learning[01;32maman-sharma@TIGER02413[00m:[01;34m/mnt/d/mle_program/git_learning[00m$ ~[Kclear
[H[2J[3J]0;aman-sharma@TIGER02413: /mnt/d/mle_program/git_learning[01;32maman-sharma@TIGER02413[00m:[01;34m/mnt/d/mle_program/git_learning[00m$ git config --global core.editor "'C:/Program Files/Notepad++/notepad++.exe' -multiInst -notabbar -nosession -noPlugin"
]0;aman-sharma@TIGER02413: /mnt/d/mle_program/git_learning[01;32maman-sharma@TIGER02413[00m:[01;34m/mnt/d/mle_program/git_learning[00m$ git config --global core.editor "'C:/Program Files/Notepad++/notepad++.exe' -multiInst -notabbar -nosession -noPlugin"[A]0;aman-sharma@TIGER02413: /mnt/d/mle_program/git_learning[01;32maman-sharma@TIGER02413[00m:[01;34m/mnt/d/mle_program/git_learning[00m$ clear[K
[K[A[C[C[C[C[C[C[C[C[C[C[C[C[C[C[C[C[C[C[C[C[C[C[C[C[C[C[C[C[C[C[C[C[C[C[C[C[C[C[C[C[C[C[C[C[C[C[C[C[C[C[C[C[C[C[C[C[C[C[C[C[Cgit config --list --show-origin
[?1h=file:/home/aman-sharma/.gitconfig       user.name=Aman[m
file:/home/aman-sharma/.gitconfig       user.email=aman.sharma@tigeranalytics.com[m
file:/home/aman-sharma/.gitconfig       core.editor='C:/Program Files/Notepad++/notepad++.exe' -multiInst -notabbar -nosession -noPlugin[m
file:.git/config        core.repositoryformatversion=0[m
file:.git/config        core.filemode=false[m
file:.git/config        core.bare=false[m
file:.git/config        core.logallrefupdates=true[m
file:.git/config        core.ignorecase=true[m
file:.git/config        remote.origin.url=https://github.com/aman-sharma-tiger/mle_program.git[m
file:.git/config        remote.origin.fetch=+refs/heads/*:refs/remotes/origin/*[m
file:.git/config        branch.main.remote=origin[m
file:.git/config        branch.main.merge=refs/heads/main[m
[K[?1l>]0;aman-sharma@TIGER02413: /mnt/d/mle_program/git_learning[01;32maman-sharma@TIGER02413[00m:[01;34m/mnt/d/mle_program/git_learning[00m$ git config --global init.defaultBranch main
]0;aman-sharma@TIGER02413: /mnt/d/mle_program/git_learning[01;32maman-sharma@TIGER02413[00m:[01;34m/mnt/d/mle_program/git_learning[00m$ clear
[H[2J[3J]0;aman-sharma@TIGER02413: /mnt/d/mle_program/git_learning[01;32maman-sharma@TIGER02413[00m:[01;34m/mnt/d/mle_program/git_learning[00m$ git config --list
[?1h=user.name=Aman[m
user.email=aman.sharma@tigeranalytics.com[m
core.editor='C:/Program Files/Notepad++/notepad++.exe' -multiInst -notabbar -nosession -noPlugin[m
init.defaultbranch=main[m
core.repositoryformatversion=0[m
core.filemode=false[m
core.bare=false[m
core.logallrefupdates=true[m
core.ignorecase=true[m
remote.origin.url=https://github.com/aman-sharma-tiger/mle_program.git[m
remote.origin.fetch=+refs/heads/*:refs/remotes/origin/*[m
branch.main.remote=origin[m
branch.main.merge=refs/heads/main[m
[K[?1l>]0;aman-sharma@TIGER02413: /mnt/d/mle_program/git_learning[01;32maman-sharma@TIGER02413[00m:[01;34m/mnt/d/mle_program/git_learning[00m$ git clone https://github.com/libgit2/libgit2 mylibgit
Cloning into 'mylibgit'...
remote: Enumerating objects: 116887, done.[K
remote: Counting objects:   0% (1/116887)[Kremote: Counting objects:   1% (1169/116887)[Kremote: Counting objects:   2% (2338/116887)[Kremote: Counting objects:   3% (3507/116887)[Kremote: Counting objects:   4% (4676/116887)[Kremote: Counting objects:   5% (5845/116887)[Kremote: Counting objects:   6% (7014/116887)[Kremote: Counting objects:   7% (8183/116887)[Kremote: Counting objects:   8% (9351/116887)[Kremote: Counting objects:   9% (10520/116887)[Kremote: Counting objects:  10% (11689/116887)[Kremote: Counting objects:  11% (12858/116887)[Kremote: Counting objects:  12% (14027/116887)[Kremote: Counting objects:  13% (15196/116887)[Kremote: Counting objects:  14% (16365/116887)[Kremote: Counting objects:  15% (17534/116887)[Kremote: Counting objects:  16% (18702/116887)[Kremote: Counting objects:  17% (19871/116887)[Kremote: Counting objects:  18% (21040/116887)[Kremote: Counting objects:  19% (22209/116887)[Kremote: Counting objects:  20% (23378/116887)[Kremote: Counting objects:  21% (24547/116887)[Kremote: Counting objects:  22% (25716/116887)[Kremote: Counting objects:  23% (26885/116887)[Kremote: Counting objects:  24% (28053/116887)[Kremote: Counting objects:  25% (29222/116887)[Kremote: Counting objects:  26% (30391/116887)[Kremote: Counting objects:  27% (31560/116887)[Kremote: Counting objects:  28% (32729/116887)[Kremote: Counting objects:  29% (33898/116887)[Kremote: Counting objects:  30% (35067/116887)[Kremote: Counting objects:  31% (36235/116887)[Kremote: Counting objects:  32% (37404/116887)[Kremote: Counting objects:  33% (38573/116887)[Kremote: Counting objects:  34% (39742/116887)[Kremote: Counting objects:  35% (40911/116887)[Kremote: Counting objects:  36% (42080/116887)[Kremote: Counting objects:  37% (43249/116887)[Kremote: Counting objects:  38% (44418/116887)[Kremote: Counting objects:  39% (45586/116887)[Kremote: Counting objects:  40% (46755/116887)[Kremote: Counting objects:  41% (47924/116887)[Kremote: Counting objects:  42% (49093/116887)[Kremote: Counting objects:  43% (50262/116887)[Kremote: Counting objects:  44% (51431/116887)[Kremote: Counting objects:  45% (52600/116887)[Kremote: Counting objects:  46% (53769/116887)[Kremote: Counting objects:  47% (54937/116887)[Kremote: Counting objects:  48% (56106/116887)[Kremote: Counting objects:  49% (57275/116887)[Kremote: Counting objects:  50% (58444/116887)[Kremote: Counting objects:  51% (59613/116887)[Kremote: Counting objects:  52% (60782/116887)[Kremote: Counting objects:  53% (61951/116887)[Kremote: Counting objects:  54% (63119/116887)[Kremote: Counting objects:  55% (64288/116887)[Kremote: Counting objects:  56% (65457/116887)[Kremote: Counting objects:  57% (66626/116887)[Kremote: Counting objects:  58% (67795/116887)[Kremote: Counting objects:  59% (68964/116887)[Kremote: Counting objects:  60% (70133/116887)[Kremote: Counting objects:  61% (71302/116887)[Kremote: Counting objects:  62% (72470/116887)[Kremote: Counting objects:  63% (73639/116887)[Kremote: Counting objects:  64% (74808/116887)[Kremote: Counting objects:  65% (75977/116887)[Kremote: Counting objects:  66% (77146/116887)[Kremote: Counting objects:  67% (78315/116887)[Kremote: Counting objects:  68% (79484/116887)[Kremote: Counting objects:  69% (80653/116887)[Kremote: Counting objects:  70% (81821/116887)[Kremote: Counting objects:  71% (82990/116887)[Kremote: Counting objects:  72% (84159/116887)[Kremote: Counting objects:  73% (85328/116887)[Kremote: Counting objects:  74% (86497/116887)[Kremote: Counting objects:  75% (87666/116887)[Kremote: Counting objects:  76% (88835/116887)[Kremote: Counting objects:  77% (90003/116887)[Kremote: Counting objects:  78% (91172/116887)[Kremote: Counting objects:  79% (92341/116887)[Kremote: Counting objects:  80% (93510/116887)[Kremote: Counting objects:  81% (94679/116887)[Kremote: Counting objects:  82% (95848/116887)[Kremote: Counting objects:  83% (97017/116887)[Kremote: Counting objects:  84% (98186/116887)[Kremote: Counting objects:  85% (99354/116887)[Kremote: Counting objects:  86% (100523/116887)[Kremote: Counting objects:  87% (101692/116887)[Kremote: Counting objects:  88% (102861/116887)[Kremote: Counting objects:  89% (104030/116887)[Kremote: Counting objects:  90% (105199/116887)[Kremote: Counting objects:  91% (106368/116887)[Kremote: Counting objects:  92% (107537/116887)[Kremote: Counting objects:  93% (108705/116887)[Kremote: Counting objects:  94% (109874/116887)[Kremote: Counting objects:  95% (111043/116887)[Kremote: Counting objects:  96% (112212/116887)[Kremote: Counting objects:  97% (113381/116887)[Kremote: Counting objects:  98% (114550/116887)[Kremote: Counting objects:  99% (115719/116887)[Kremote: Counting objects: 100% (116887/116887)[Kremote: Counting objects: 100% (116887/116887), done.[K
remote: Compressing objects:   0% (1/32581)[Kremote: Compressing objects:   1% (326/32581)[Kremote: Compressing objects:   2% (652/32581)[Kremote: Compressing objects:   3% (978/32581)[Kremote: Compressing objects:   4% (1304/32581)[Kremote: Compressing objects:   5% (1630/32581)[Kremote: Compressing objects:   6% (1955/32581)[Kremote: Compressing objects:   7% (2281/32581)[Kremote: Compressing objects:   8% (2607/32581)[Kremote: Compressing objects:   9% (2933/32581)[Kremote: Compressing objects:  10% (3259/32581)[Kremote: Compressing objects:  11% (3584/32581)[Kremote: Compressing objects:  12% (3910/32581)[Kremote: Compressing objects:  13% (4236/32581)[Kremote: Compressing objects:  14% (4562/32581)[Kremote: Compressing objects:  15% (4888/32581)[Kremote: Compressing objects:  16% (5213/32581)[Kremote: Compressing objects:  17% (5539/32581)[Kremote: Compressing objects:  18% (5865/32581)[Kremote: Compressing objects:  19% (6191/32581)[Kremote: Compressing objects:  20% (6517/32581)[Kremote: Compressing objects:  21% (6843/32581)[Kremote: Compressing objects:  22% (7168/32581)[Kremote: Compressing objects:  23% (7494/32581)[Kremote: Compressing objects:  24% (7820/32581)[Kremote: Compressing objects:  25% (8146/32581)[Kremote: Compressing objects:  26% (8472/32581)[Kremote: Compressing objects:  27% (8797/32581)[Kremote: Compressing objects:  28% (9123/32581)[Kremote: Compressing objects:  29% (9449/32581)[Kremote: Compressing objects:  30% (9775/32581)[Kremote: Compressing objects:  31% (10101/32581)[Kremote: Compressing objects:  32% (10426/32581)[Kremote: Compressing objects:  33% (10752/32581)[Kremote: Compressing objects:  34% (11078/32581)[Kremote: Compressing objects:  35% (11404/32581)[Kremote: Compressing objects:  36% (11730/32581)[Kremote: Compressing objects:  37% (12055/32581)[Kremote: Compressing objects:  38% (12381/32581)[Kremote: Compressing objects:  39% (12707/32581)[Kremote: Compressing objects:  40% (13033/32581)[Kremote: Compressing objects:  41% (13359/32581)[Kremote: Compressing objects:  42% (13685/32581)[Kremote: Compressing objects:  43% (14010/32581)[Kremote: Compressing objects:  44% (14336/32581)[Kremote: Compressing objects:  45% (14662/32581)[Kremote: Compressing objects:  46% (14988/32581)[Kremote: Compressing objects:  47% (15314/32581)[Kremote: Compressing objects:  48% (15639/32581)[Kremote: Compressing objects:  49% (15965/32581)[Kremote: Compressing objects:  50% (16291/32581)[Kremote: Compressing objects:  51% (16617/32581)[Kremote: Compressing objects:  52% (16943/32581)[Kremote: Compressing objects:  53% (17268/32581)[Kremote: Compressing objects:  54% (17594/32581)[Kremote: Compressing objects:  55% (17920/32581)[Kremote: Compressing objects:  56% (18246/32581)[Kremote: Compressing objects:  57% (18572/32581)[Kremote: Compressing objects:  58% (18897/32581)[Kremote: Compressing objects:  59% (19223/32581)[Kremote: Compressing objects:  60% (19549/32581)[Kremote: Compressing objects:  61% (19875/32581)[Kremote: Compressing objects:  62% (20201/32581)[Kremote: Compressing objects:  63% (20527/32581)[Kremote: Compressing objects:  64% (20852/32581)[Kremote: Compressing objects:  65% (21178/32581)[Kremote: Compressing objects:  66% (21504/32581)[Kremote: Compressing objects:  67% (21830/32581)[Kremote: Compressing objects:  68% (22156/32581)[Kremote: Compressing objects:  69% (22481/32581)[Kremote: Compressing objects:  70% (22807/32581)[Kremote: Compressing objects:  71% (23133/32581)[Kremote: Compressing objects:  72% (23459/32581)[Kremote: Compressing objects:  73% (23785/32581)[Kremote: Compressing objects:  74% (24110/32581)[Kremote: Compressing objects:  75% (24436/32581)[Kremote: Compressing objects:  76% (24762/32581)[Kremote: Compressing objects:  77% (25088/32581)[Kremote: Compressing objects:  78% (25414/32581)[Kremote: Compressing objects:  79% (25739/32581)[Kremote: Compressing objects:  80% (26065/32581)[Kremote: Compressing objects:  81% (26391/32581)[Kremote: Compressing objects:  82% (26717/32581)[Kremote: Compressing objects:  83% (27043/32581)[Kremote: Compressing objects:  84% (27369/32581)[Kremote: Compressing objects:  85% (27694/32581)[Kremote: Compressing objects:  86% (28020/32581)[Kremote: Compressing objects:  87% (28346/32581)[Kremote: Compressing objects:  88% (28672/32581)[Kremote: Compressing objects:  89% (28998/32581)[Kremote: Compressing objects:  90% (29323/32581)[Kremote: Compressing objects:  91% (29649/32581)[Kremote: Compressing objects:  92% (29975/32581)[Kremote: Compressing objects:  93% (30301/32581)[Kremote: Compressing objects:  94% (30627/32581)[Kremote: Compressing objects:  95% (30952/32581)[Kremote: Compressing objects:  96% (31278/32581)[Kremote: Compressing objects:  97% (31604/32581)[Kremote: Compressing objects:  98% (31930/32581)[Kremote: Compressing objects:  99% (32256/32581)[Kremote: Compressing objects: 100% (32581/32581)[Kremote: Compressing objects: 100% (32581/32581), done.[K
Receiving objects:   0% (1/116887)Receiving objects:   1% (1169/116887)Receiving objects:   2% (2338/116887)Receiving objects:   3% (3507/116887)Receiving objects:   4% (4676/116887), 1.45 MiB | 2.89 MiB/sReceiving objects:   5% (5845/116887), 1.45 MiB | 2.89 MiB/sReceiving objects:   6% (7014/116887), 1.45 MiB | 2.89 MiB/sReceiving objects:   7% (8183/116887), 1.45 MiB | 2.89 MiB/sReceiving objects:   8% (9351/116887), 1.45 MiB | 2.89 MiB/sReceiving objects:   9% (10520/116887), 1.45 MiB | 2.89 MiB/sReceiving objects:  10% (11689/116887), 1.45 MiB | 2.89 MiB/sReceiving objects:  11% (12858/116887), 1.45 MiB | 2.89 MiB/sReceiving objects:  12% (14027/116887), 1.45 MiB | 2.89 MiB/sReceiving objects:  12% (14695/116887), 1.45 MiB | 2.89 MiB/sReceiving objects:  13% (15196/116887), 4.13 MiB | 4.12 MiB/sReceiving objects:  14% (16365/116887), 4.13 MiB | 4.12 MiB/sReceiving objects:  15% (17534/116887), 4.13 MiB | 4.12 MiB/sReceiving objects:  16% (18702/116887), 4.13 MiB | 4.12 MiB/sReceiving objects:  17% (19871/116887), 4.13 MiB | 4.12 MiB/sReceiving objects:  18% (21040/116887), 4.13 MiB | 4.12 MiB/sReceiving objects:  19% (22209/116887), 4.13 MiB | 4.12 MiB/sReceiving objects:  20% (23378/116887), 4.13 MiB | 4.12 MiB/sReceiving objects:  21% (24547/116887), 4.13 MiB | 4.12 MiB/sReceiving objects:  22% (25716/116887), 4.13 MiB | 4.12 MiB/sReceiving objects:  23% (26885/116887), 7.79 MiB | 5.19 MiB/sReceiving objects:  23% (27456/116887), 7.79 MiB | 5.19 MiB/sReceiving objects:  24% (28053/116887), 12.18 MiB | 6.09 MiB/sReceiving objects:  25% (29222/116887), 12.18 MiB | 6.09 MiB/sReceiving objects:  26% (30391/116887), 16.50 MiB | 6.60 MiB/sReceiving objects:  27% (31560/116887), 16.50 MiB | 6.60 MiB/sReceiving objects:  28% (32729/116887), 16.50 MiB | 6.60 MiB/sReceiving objects:  28% (33711/116887), 16.50 MiB | 6.60 MiB/sReceiving objects:  29% (33898/116887), 21.01 MiB | 7.00 MiB/sReceiving objects:  30% (35067/116887), 21.01 MiB | 7.00 MiB/sReceiving objects:  31% (36235/116887), 21.01 MiB | 7.00 MiB/sReceiving objects:  32% (37404/116887), 21.01 MiB | 7.00 MiB/sReceiving objects:  33% (38573/116887), 21.01 MiB | 7.00 MiB/sReceiving objects:  34% (39742/116887), 21.01 MiB | 7.00 MiB/sReceiving objects:  35% (40911/116887), 21.01 MiB | 7.00 MiB/sReceiving objects:  36% (42080/116887), 25.61 MiB | 7.31 MiB/sReceiving objects:  37% (43249/116887), 25.61 MiB | 7.31 MiB/sReceiving objects:  38% (44418/116887), 25.61 MiB | 7.31 MiB/sReceiving objects:  39% (45586/116887), 25.61 MiB | 7.31 MiB/sReceiving objects:  40% (46755/116887), 25.61 MiB | 7.31 MiB/sReceiving objects:  40% (47808/116887), 25.61 MiB | 7.31 MiB/sReceiving objects:  41% (47924/116887), 30.32 MiB | 7.57 MiB/sReceiving objects:  42% (49093/116887), 30.32 MiB | 7.57 MiB/sReceiving objects:  43% (50262/116887), 30.32 MiB | 7.57 MiB/sReceiving objects:  44% (51431/116887), 30.32 MiB | 7.57 MiB/sReceiving objects:  45% (52600/116887), 30.32 MiB | 7.57 MiB/sReceiving objects:  46% (53769/116887), 30.32 MiB | 7.57 MiB/sReceiving objects:  47% (54937/116887), 30.32 MiB | 7.57 MiB/sReceiving objects:  48% (56106/116887), 30.32 MiB | 7.57 MiB/sReceiving objects:  49% (57275/116887), 30.32 MiB | 7.57 MiB/sReceiving objects:  50% (58444/116887), 34.90 MiB | 7.75 MiB/sReceiving objects:  51% (59613/116887), 34.90 MiB | 7.75 MiB/sReceiving objects:  52% (60782/116887), 34.90 MiB | 7.75 MiB/sReceiving objects:  53% (61951/116887), 34.90 MiB | 7.75 MiB/sReceiving objects:  54% (63119/116887), 34.90 MiB | 7.75 MiB/sReceiving objects:  55% (64288/116887), 34.90 MiB | 7.75 MiB/sReceiving objects:  56% (65457/116887), 34.90 MiB | 7.75 MiB/sReceiving objects:  57% (66626/116887), 34.90 MiB | 7.75 MiB/sReceiving objects:  58% (67795/116887), 34.90 MiB | 7.75 MiB/sReceiving objects:  59% (68964/116887), 34.90 MiB | 7.75 MiB/sReceiving objects:  60% (70133/116887), 34.90 MiB | 7.75 MiB/sReceiving objects:  61% (71302/116887), 34.90 MiB | 7.75 MiB/sReceiving objects:  62% (72470/116887), 34.90 MiB | 7.75 MiB/sReceiving objects:  62% (73370/116887), 34.90 MiB | 7.75 MiB/sReceiving objects:  63% (73639/116887), 43.50 MiB | 8.73 MiB/sReceiving objects:  64% (74808/116887), 43.50 MiB | 8.73 MiB/sReceiving objects:  65% (75977/116887), 43.50 MiB | 8.73 MiB/sReceiving objects:  66% (77146/116887), 43.50 MiB | 8.73 MiB/sReceiving objects:  67% (78315/116887), 43.50 MiB | 8.73 MiB/sReceiving objects:  68% (79484/116887), 43.50 MiB | 8.73 MiB/sReceiving objects:  68% (80114/116887), 43.50 MiB | 8.73 MiB/sReceiving objects:  69% (80653/116887), 47.97 MiB | 8.92 MiB/sReceiving objects:  70% (81821/116887), 47.97 MiB | 8.92 MiB/sReceiving objects:  71% (82990/116887), 47.97 MiB | 8.92 MiB/sReceiving objects:  72% (84159/116887), 47.97 MiB | 8.92 MiB/sReceiving objects:  73% (85328/116887), 47.97 MiB | 8.92 MiB/sReceiving objects:  74% (86497/116887), 47.97 MiB | 8.92 MiB/sReceiving objects:  75% (87666/116887), 47.97 MiB | 8.92 MiB/sReceiving objects:  76% (88835/116887), 47.97 MiB | 8.92 MiB/sReceiving objects:  77% (90003/116887), 47.97 MiB | 8.92 MiB/sReceiving objects:  78% (91172/116887), 47.97 MiB | 8.92 MiB/sReceiving objects:  79% (92341/116887), 52.36 MiB | 8.91 MiB/sReceiving objects:  80% (93510/116887), 52.36 MiB | 8.91 MiB/sReceiving objects:  81% (94679/116887), 52.36 MiB | 8.91 MiB/sReceiving objects:  82% (95848/116887), 52.36 MiB | 8.91 MiB/sReceiving objects:  83% (97017/116887), 52.36 MiB | 8.91 MiB/sReceiving objects:  84% (98186/116887), 52.36 MiB | 8.91 MiB/sReceiving objects:  85% (99354/116887), 52.36 MiB | 8.91 MiB/sReceiving objects:  86% (100523/116887), 52.36 MiB | 8.91 MiB/sReceiving objects:  87% (101692/116887), 52.36 MiB | 8.91 MiB/sReceiving objects:  88% (102861/116887), 52.36 MiB | 8.91 MiB/sReceiving objects:  89% (104030/116887), 52.36 MiB | 8.91 MiB/sReceiving objects:  90% (105199/116887), 52.36 MiB | 8.91 MiB/sReceiving objects:  91% (106368/116887), 52.36 MiB | 8.91 MiB/sReceiving objects:  92% (107537/116887), 52.36 MiB | 8.91 MiB/sReceiving objects:  93% (108705/116887), 52.36 MiB | 8.91 MiB/sReceiving objects:  94% (109874/116887), 52.36 MiB | 8.91 MiB/sReceiving objects:  95% (111043/116887), 52.36 MiB | 8.91 MiB/sReceiving objects:  96% (112212/116887), 52.36 MiB | 8.91 MiB/sReceiving objects:  96% (112987/116887), 52.36 MiB | 8.91 MiB/sReceiving objects:  97% (113381/116887), 52.36 MiB | 8.91 MiB/sReceiving objects:  98% (114550/116887), 56.86 MiB | 8.95 MiB/sReceiving objects:  99% (115719/116887), 56.86 MiB | 8.95 MiB/sremote: Total 116887 (delta 83223), reused 115871 (delta 82325), pack-reused 0
Receiving objects: 100% (116887/116887), 56.86 MiB | 8.95 MiB/sReceiving objects: 100% (116887/116887), 58.09 MiB | 8.12 MiB/s, done.
Resolving deltas:   0% (0/83223)Resolving deltas:   1% (1352/83223)Resolving deltas:   2% (1736/83223)Resolving deltas:   3% (2499/83223)Resolving deltas:   4% (3382/83223)Resolving deltas:   5% (4163/83223)Resolving deltas:   6% (5119/83223)Resolving deltas:   7% (5830/83223)Resolving deltas:   8% (6671/83223)Resolving deltas:   9% (7543/83223)Resolving deltas:  10% (8336/83223)Resolving deltas:  11% (9155/83223)Resolving deltas:  12% (9987/83223)Resolving deltas:  13% (10820/83223)Resolving deltas:  14% (11723/83223)Resolving deltas:  15% (12525/83223)Resolving deltas:  16% (13327/83223)Resolving deltas:  17% (14234/83223)Resolving deltas:  18% (15404/83223)Resolving deltas:  19% (15968/83223)Resolving deltas:  20% (16680/83223)Resolving deltas:  21% (17478/83223)Resolving deltas:  22% (18392/83223)Resolving deltas:  23% (19259/83223)Resolving deltas:  24% (20036/83223)Resolving deltas:  25% (20858/83223)Resolving deltas:  26% (21644/83223)Resolving deltas:  27% (22492/83223)Resolving deltas:  28% (23359/83223)Resolving deltas:  29% (24525/83223)Resolving deltas:  30% (25103/83223)Resolving deltas:  31% (25814/83223)Resolving deltas:  32% (26646/83223)Resolving deltas:  33% (27470/83223)Resolving deltas:  34% (28299/83223)Resolving deltas:  35% (29381/83223)Resolving deltas:  36% (30145/83223)Resolving deltas:  37% (30802/83223)Resolving deltas:  38% (31735/83223)Resolving deltas:  39% (32615/83223)Resolving deltas:  40% (33297/83223)Resolving deltas:  41% (34127/83223)Resolving deltas:  42% (35028/83223)Resolving deltas:  43% (35804/83223)Resolving deltas:  44% (36655/83223)Resolving deltas:  45% (37501/83223)Resolving deltas:  46% (38288/83223)Resolving deltas:  47% (39274/83223)Resolving deltas:  48% (39979/83223)Resolving deltas:  49% (40801/83223)Resolving deltas:  50% (41692/83223)Resolving deltas:  51% (42600/83223)Resolving deltas:  58% (48574/83223)Resolving deltas:  59% (49229/83223)Resolving deltas:  60% (49952/83223)Resolving deltas:  61% (50963/83223)Resolving deltas:  62% (51644/83223)Resolving deltas:  63% (52435/83223)Resolving deltas:  64% (53272/83223)Resolving deltas:  65% (54332/83223)Resolving deltas:  66% (54948/83223)Resolving deltas:  67% (55846/83223)Resolving deltas:  68% (56671/83223)Resolving deltas:  69% (57438/83223)Resolving deltas:  70% (58393/83223)Resolving deltas:  70% (58776/83223)Resolving deltas:  71% (59120/83223)Resolving deltas:  72% (59940/83223)Resolving deltas:  73% (60759/83223)Resolving deltas:  74% (61607/83223)Resolving deltas:  75% (62418/83223)Resolving deltas:  76% (63252/83223)Resolving deltas:  77% (64087/83223)Resolving deltas:  78% (64941/83223)Resolving deltas:  79% (65755/83223)Resolving deltas:  80% (67316/83223)Resolving deltas:  81% (67417/83223)Resolving deltas:  82% (68252/83223)Resolving deltas:  83% (69087/83223)Resolving deltas:  84% (69932/83223)Resolving deltas:  85% (70750/83223)Resolving deltas:  86% (71629/83223)Resolving deltas:  87% (72422/83223)Resolving deltas:  88% (73261/83223)Resolving deltas:  89% (74115/83223)Resolving deltas:  90% (74928/83223)Resolving deltas:  91% (75771/83223)Resolving deltas:  92% (76566/83223)Resolving deltas:  93% (77434/83223)Resolving deltas:  93% (77501/83223)Resolving deltas:  94% (78251/83223)Resolving deltas:  95% (79064/83223)Resolving deltas:  96% (79904/83223)Resolving deltas:  97% (80739/83223)Resolving deltas:  98% (81667/83223)Resolving deltas:  99% (82412/83223)Resolving deltas: 100% (83223/83223)Resolving deltas: 100% (83223/83223), done.
Updating files:   1% (184/11493)Updating files:   2% (230/11493)Updating files:   3% (345/11493)Updating files:   4% (460/11493)Updating files:   4% (564/11493)Updating files:   5% (575/11493)Updating files:   6% (690/11493)Updating files:   7% (805/11493)Updating files:   8% (920/11493)Updating files:   8% (979/11493)Updating files:   9% (1035/11493)Updating files:  10% (1150/11493)Updating files:  11% (1265/11493)Updating files:  12% (1380/11493)Updating files:  12% (1453/11493)Updating files:  13% (1495/11493)Updating files:  14% (1610/11493)Updating files:  15% (1724/11493)Updating files:  15% (1733/11493)Updating files:  16% (1839/11493)Updating files:  17% (1954/11493)Updating files:  17% (2013/11493)Updating files:  18% (2069/11493)Updating files:  19% (2184/11493)Updating files:  20% (2299/11493)Updating files:  20% (2304/11493)Updating files:  21% (2414/11493)Updating files:  22% (2529/11493)Updating files:  23% (2644/11493)Updating files:  23% (2651/11493)Updating files:  24% (2759/11493)Updating files:  25% (2874/11493)Updating files:  26% (2989/11493)Updating files:  26% (3078/11493)Updating files:  27% (3104/11493)Updating files:  28% (3219/11493)Updating files:  29% (3333/11493)Updating files:  30% (3448/11493)Updating files:  31% (3563/11493)Updating files:  31% (3666/11493)Updating files:  32% (3678/11493)Updating files:  33% (3793/11493)Updating files:  34% (3908/11493)Updating files:  35% (4023/11493)Updating files:  36% (4138/11493)Updating files:  37% (4253/11493)Updating files:  37% (4276/11493)Updating files:  38% (4368/11493)Updating files:  39% (4483/11493)Updating files:  40% (4598/11493)Updating files:  41% (4713/11493)Updating files:  42% (4828/11493)Updating files:  42% (4854/11493)Updating files:  43% (4942/11493)Updating files:  44% (5057/11493)Updating files:  45% (5172/11493)Updating files:  46% (5287/11493)Updating files:  47% (5402/11493)Updating files:  47% (5468/11493)Updating files:  48% (5517/11493)Updating files:  49% (5632/11493)Updating files:  50% (5747/11493)Updating files:  51% (5862/11493)Updating files:  52% (5977/11493)Updating files:  53% (6092/11493)Updating files:  53% (6111/11493)Updating files:  54% (6207/11493)Updating files:  55% (6322/11493)Updating files:  56% (6437/11493)Updating files:  57% (6552/11493)Updating files:  58% (6666/11493)Updating files:  58% (6749/11493)Updating files:  59% (6781/11493)Updating files:  60% (6896/11493)Updating files:  61% (7011/11493)Updating files:  62% (7126/11493)Updating files:  63% (7241/11493)Updating files:  64% (7356/11493)Updating files:  64% (7378/11493)Updating files:  65% (7471/11493)Updating files:  66% (7586/11493)Updating files:  67% (7701/11493)Updating files:  68% (7816/11493)Updating files:  69% (7931/11493)Updating files:  70% (8046/11493)Updating files:  70% (8104/11493)Updating files:  71% (8161/11493)Updating files:  72% (8275/11493)Updating files:  73% (8390/11493)Updating files:  74% (8505/11493)Updating files:  74% (8615/11493)Updating files:  75% (8620/11493)Updating files:  76% (8735/11493)Updating files:  77% (8850/11493)Updating files:  78% (8965/11493)Updating files:  78% (9024/11493)Updating files:  79% (9080/11493)Updating files:  80% (9195/11493)Updating files:  81% (9310/11493)Updating files:  81% (9400/11493)Updating files:  82% (9425/11493)Updating files:  83% (9540/11493)Updating files:  84% (9655/11493)Updating files:  84% (9699/11493)Updating files:  85% (9770/11493)Updating files:  86% (9884/11493)Updating files:  86% (9895/11493)Updating files:  87% (9999/11493)Updating files:  88% (10114/11493)Updating files:  89% (10229/11493)Updating files:  89% (10244/11493)Updating files:  90% (10344/11493)Updating files:  91% (10459/11493)Updating files:  92% (10574/11493)Updating files:  92% (10646/11493)Updating files:  93% (10689/11493)Updating files:  94% (10804/11493)Updating files:  95% (10919/11493)Updating files:  95% (11032/11493)Updating files:  96% (11034/11493)Updating files:  97% (11149/11493)Updating files:  98% (11264/11493)Updating files:  99% (11379/11493)Updating files:  99% (11415/11493)Updating files: 100% (11493/11493)Updating files: 100% (11493/11493), done.
]0;aman-sharma@TIGER02413: /mnt/d/mle_program/git_learning[01;32maman-sharma@TIGER02413[00m:[01;34m/mnt/d/mle_program/git_learning[00m$ git status
On branch main
Your branch is up to date with 'origin/main'.

Untracked files:
  (use "git add <file>..." to include in what will be committed)
	[31m./[m

nothing added to commit but untracked files present (use "git add" to track)
]0;aman-sharma@TIGER02413: /mnt/d/mle_program/git_learning[01;32maman-sharma@TIGER02413[00m:[01;34m/mnt/d/mle_program/git_learning[00m$ cd ..
]0;aman-sharma@TIGER02413: /mnt/d/mle_program[01;32maman-sharma@TIGER02413[00m:[01;34m/mnt/d/mle_program[00m$ git add .
warning: adding embedded git repository: git_learning/mylibgit
[33mhint: You've added another git repository inside your current repository.[m
[33mhint: Clones of the outer repository will not contain the contents of[m
[33mhint: the embedded repository and will not know how to obtain it.[m
[33mhint: If you meant to add a submodule, use:[m
[33mhint: [m
[33mhint: 	git submodule add <url> git_learning/mylibgit[m
[33mhint: [m
[33mhint: If you added this path by mistake, you can remove it from the[m
[33mhint: index with:[m
[33mhint: [m
[33mhint: 	git rm --cached git_learning/mylibgit[m
[33mhint: [m
[33mhint: See "git help submodule" for more information.[m
]0;aman-sharma@TIGER02413: /mnt/d/mle_program[01;32maman-sharma@TIGER02413[00m:[01;34m/mnt/d/mle_program[00m$ git add .
]0;aman-sharma@TIGER02413: /mnt/d/mle_program[01;32maman-sharma@TIGER02413[00m:[01;34m/mnt/d/mle_program[00m$ git commit -m 'git getting started'
[main e6a3261] git getting started
 2 files changed, 101 insertions(+)
 create mode 100644 git_learning/git_session
 create mode 160000 git_learning/mylibgit
]0;aman-sharma@TIGER02413: /mnt/d/mle_program[01;32maman-sharma@TIGER02413[00m:[01;34m/mnt/d/mle_program[00m$ git status
On branch main
Your branch is ahead of 'origin/main' by 1 commit.
  (use "git push" to publish your local commits)

nothing to commit, working tree clean
]0;aman-sharma@TIGER02413: /mnt/d/mle_program[01;32maman-sharma@TIGER02413[00m:[01;34m/mnt/d/mle_program[00m$ git push main origin
error: src refspec origin does not match any
[31merror: failed to push some refs to 'main'
[m]0;aman-sharma@TIGER02413: /mnt/d/mle_program[01;32maman-sharma@TIGER02413[00m:[01;34m/mnt/d/mle_program[00m$ git push main origin[1@o[1@r[1@i[1@g[1@i[1@n[1P[1P[1P[1P origin[1Porigin[1Prigin[1Pigin[1Pgin[1Pin[1Pn[K main
Username for 'https://github.com': aman-sharma-tiger
Password for 'https://aman-sharma-tiger@github.com': 
To https://github.com/aman-sharma-tiger/mle_program.git
 [31m! [rejected]       [m main -> main (fetch first)
[31merror: failed to push some refs to 'https://github.com/aman-sharma-tiger/mle_program.git'
[m[33mhint: Updates were rejected because the remote contains work that you do[m
[33mhint: not have locally. This is usually caused by another repository pushing[m
[33mhint: to the same ref. You may want to first integrate the remote changes[m
[33mhint: (e.g., 'git pull ...') before pushing again.[m
[33mhint: See the 'Note about fast-forwards' in 'git push --help' for details.[m
]0;aman-sharma@TIGER02413: /mnt/d/mle_program[01;32maman-sharma@TIGER02413[00m:[01;34m/mnt/d/mle_program[00m$ git rm --cached git_learning/mylibgit
rm 'git_learning/mylibgit'
]0;aman-sharma@TIGER02413: /mnt/d/mle_program[01;32maman-sharma@TIGER02413[00m:[01;34m/mnt/d/mle_program[00m$ git status
On branch main
Your branch is ahead of 'origin/main' by 1 commit.
  (use "git push" to publish your local commits)

Changes to be committed:
  (use "git restore --staged <file>..." to unstage)
	[32mdeleted:    git_learning/mylibgit[m

Changes not staged for commit:
  (use "git add <file>..." to update what will be committed)
  (use "git restore <file>..." to discard changes