Script started on 2022-03-25 13:43:56+05:30 [TERM="xterm-256color" TTY="/dev/tty1" COLUMNS="168" LINES="44"]
]0;aman-sharma@TIGER02413: /mnt/d/mle_program/git_learning[01;32maman-sharma@TIGER02413[00m:[01;34m/mnt/d/mle_program/git_learning[00m$ git status
On branch main
Your branch is up to date with 'origin/main'.

Untracked files:
  (use "git add <file>..." to include in what will be committed)
	[31m./[m

nothing added to commit but untracked files present (use "git add" to track)
]0;aman-sharma@TIGER02413: /mnt/d/mle_program/git_learning[01;32maman-sharma@TIGER02413[00m:[01;34m/mnt/d/mle_program/git_learning[00m$ cd ..
]0;aman-sharma@TIGER02413: /mnt/d/mle_program[01;32maman-sharma@TIGER02413[00m:[01;34m/mnt/d/mle_program[00m$ git status
On branch main
Your branch is up to date with 'origin/main'.

Untracked files:
  (use "git add <file>..." to include in what will be committed)
	[31mgit_learning/[m

nothing added to commit but untracked files present (use "git add" to track)
]0;aman-sharma@TIGER02413: /mnt/d/mle_program[01;32maman-sharma@TIGER02413[00m:[01;34m/mnt/d/mle_program[00m$ cd git_learning/
]0;aman-sharma@TIGER02413: /mnt/d/mle_program/git_learning[01;32maman-sharma@TIGER02413[00m:[01;34m/mnt/d/mle_program/git_learning[00m$ git config --list --show-origin
[?1h=file:/home/aman-sharma/.gitconfig       user.name=Aman[m
file:/home/aman-sharma/.gitconfig       user.email=aman.sharma@tigeranalytics.com[m
file:.git/config        core.repositoryformatversion=0[m
file:.git/config        core.filemode=false[m
file:.git/config        core.bare=false[m
file:.git/config        core.logallrefupdates=true[m
file:.git/config        core.ignorecase=true[m
file:.git/config        remote.origin.url=https://github.com/aman-sharma-tiger/mle_program.git[m
file:.git/config        remote.origin.fetch=+refs/heads/*:refs/remotes/origin/*[m
file:.git/config        branch.main.remote=origin[m
file:.git/config        branch.main.merge=refs/heads/main[m
[K[?1l>]0;aman-sharma@TIGER02413: /mnt/d/mle_program/git_learning[01;32maman-sharma@TIGER02413[00m:[01;34m/mnt/d/mle_program/git_learning[00m$ ~[Kclear
[H[2J[3J]0;aman-sharma@TIGER02413: /mnt/d/mle_program/git_learning[01;32maman-sharma@TIGER02413[00m:[01;34m/mnt/d/mle_program/git_learning[00m$ git config --global core.editor "'C:/Program Files/Notepad++/notepad++.exe' -multiInst -notabbar -nosession -noPlugin"
]0;aman-sharma@TIGER02413: /mnt/d/mle_program/git_learning[01;32maman-sharma@TIGER02413[00m:[01;34m/mnt/d/mle_program/git_learning[00m$ git config --global core.editor "'C:/Program Files/Notepad++/notepad++.exe' -multiInst -notabbar -nosession -noPlugin"[A]0;aman-sharma@TIGER02413: /mnt/d/mle_program/git_learning[01;32maman-sharma@TIGER02413[00m:[01;34m/mnt/d/mle_program/git_learning[00m$ clear[K
[K[A[C[C[C[C[C[C[C[C[C[C[C[C[C[C[C[C[C[C[C[C[C[C[C[C[C[C[C[C[C[C[C[C[C[C[C[C[C[C[C[C[C[C[C[C[C[C[C[C[C[C[C[C[C[C[C[C[C[C[C[C[Cgit config --list --show-origin
[?1h=file:/home/aman-sharma/.gitconfig       user.name=Aman[m
file:/home/aman-sharma/.gitconfig       user.email=aman.sharma@tigeranalytics.com[m
file:/home/aman-sharma/.gitconfig       core.editor='C:/Program Files/Notepad++/notepad++.exe' -multiInst -notabbar -nosession -noPlugin[m
file:.git/config        core.repositoryformatversion=0[m
file:.git/config        core.filemode=false[m
file:.git/config        core.bare=false[m
file:.git/config        core.logallrefupdates=true[m
file:.git/config        core.ignorecase=true[m
file:.git/config        remote.origin.url=https://github.com/aman-sharma-tiger/mle_program.git[m
file:.git/config        remote.origin.fetch=+refs/heads/*:refs/remotes/origin/*[m
file:.git/config        branch.main.remote=origin[m
file:.git/config        branch.main.merge=refs/heads/main[m
[K[?1l>]0;aman-sharma@TIGER02413: /mnt/d/mle_program/git_learning[01;32maman-sharma@TIGER02413[00m:[01;34m/mnt/d/mle_program/git_learning[00m$ git config --global init.defaultBranch main
]0;aman-sharma@TIGER02413: /mnt/d/mle_program/git_learning[01;32maman-sharma@TIGER02413[00m:[01;34m/mnt/d/mle_program/git_learning[00m$ clear
[H[2J[3J]0;aman-sharma@TIGER02413: /mnt/d/mle_program/git_learning[01;32maman-sharma@TIGER02413[00m:[01;34m/mnt/d/mle_program/git_learning[00m$ git config --list
[?1h=user.name=Aman[m
user.email=aman.sharma@tigeranalytics.com[m
core.editor='C:/Program Files/Notepad++/notepad++.exe' -multiInst -notabbar -nosession -noPlugin[m
init.defaultbranch=main[m
core.repositoryformatversion=0[m
core.filemode=false[m
core.bare=false[m
core.logallrefupdates=true[m
core.ignorecase=true[m
remote.origin.url=https://github.com/aman-sharma-tiger/mle_program.git[m
remote.origin.fetch=+refs/heads/*:refs/remotes/origin/*[m
branch.main.remote=origin[m
branch.main.merge=refs/heads/main[m
[K[?1l>]0;aman-sharma@TIGER02413: /mnt/d/mle_program/git_learning[01;32maman-sharma@TIGER02413[00m:[01;34m/mnt/d/mle_program/git_learning[00m$ git clone https://github.com/libgit2/libgit2 mylibgit
Cloning into 'mylibgit'...
remote: Enumerating objects: 116887, done.[K
remote: Counting objects:   0% (1/116887)[Kremote: Counting objects:   1% (1169/116887)[Kremote: Counting objects:   2% (2338/116887)[Kremote: Counting objects:   3% (3507/116887)[Kremote: Counting objects:   4% (4676/116887)[Kremote: Counting objects:   5% (5845/116887)[Kremote: Counting objects:   6% (7014/116887)[Kremote: Counting objects:   7% (8183/116887)[Kremote: Counting objects:   8% (9351/116887)[Kremote: Counting objects:   9% (10520/116887)[Kremote: Counting objects:  10% (11689/116887)[Kremote: Counting objects:  11% (12858/116887)[Kremote: Counting objects:  12% (14027/116887)[Kremote: Counting objects:  13% (15196/116887)[Kremote: Counting objects:  14% (16365/116887)[Kremote: Counting objects:  15% (17534/116887)[Kremote: Counting objects:  16% (18702/116887)[Kremote: Counting objects:  17% (19871/116887)[Kremote: Counting objects:  18% (21040/116887)[Kremote: Counting objects:  19% (22209/116887)[Kremote: Counting objects:  20% (23378/116887)[Kremote: Counting objects:  21% (24547/116887)[Kremote: Counting objects:  22% (25716/116887)[Kremote: Counting objects:  23% (26885/116887)[Kremote: Counting objects:  24% (28053/116887)[Kremote: Counting objects:  25% (29222/116887)[Kremote: Counting objects:  26% (30391/116887)[Kremote: Counting objects:  27% (31560/116887)[Kremote: Counting objects:  28% (32729/116887)[Kremote: Counting objects:  29% (33898/116887)[Kremote: Counting objects:  30% (35067/116887)[Kremote: Counting objects:  31% (36235/116887)[Kremote: Counting objects:  32% (37404/116887)[Kremote: Counting objects:  33% (38573/116887)[Kremote: Counting objects:  34% (39742/116887)[Kremote: Counting objects:  35% (40911/116887)[Kremote: Counting objects:  36% (42080/116887)[Kremote: Counting objects:  37% (43249/116887)[Kremote: Counting objects:  38% (44418/116887)[Kremote: Counting objects:  39% (45586/116887)[Kremote: Counting objects:  40% (46755/116887)[Kremote: Counting objects:  41% (47924/116887)[Kremote: Counting objects:  42% (49093/116887)[Kremote: Counting objects:  43% (50262/116887)[Kremote: Counting objects:  44% (51431/116887)[Kremote: Counting objects:  45% (52600/116887)[Kremote: Counting objects:  46% (53769/116887)[Kremote: Counting objects:  47% (54937/116887)[Kremote: Counting objects:  48% (56106/116887)[Kremote: Counting objects:  49% (57275/116887)[Kremote: Counting objects:  50% (58444/116887)[Kremote: Counting objects:  51% (59613/116887)[Kremote: Counting objects:  52% (60782/116887)[Kremote: Counting objects:  53% (61951/116887)[Kremote: Counting objects:  54% (63119/116887)[Kremote: Counting objects:  55% (64288/116887)[Kremote: Counting objects:  56% (65457/116887)[Kremote: Counting objects:  57% (66626/116887)[Kremote: Counting objects:  58% (67795/116887)[Kremote: Counting objects:  59% (68964/116887)[Kremote: Counting objects:  60% (70133/116887)[Kremote: Counting objects:  61% (71302/116887)[Kremote: Counting objects:  62% (72470/116887)[Kremote: Counting objects:  63% (73639/116887)[Kremote: Counting objects:  64% (74808/116887)[Kremote: Counting objects:  65% (75977/116887)[Kremote: Counting objects:  66% (77146/116887)[Kremote: Counting objects:  67% (78315/116887)[Kremote: Counting objects:  68% (79484/116887)[Kremote: Counting objects:  69% (80653/116887)[Kremote: Counting objects:  70% (81821/116887)[Kremote: Counting objects:  71% (82990/116887)[Kremote: Counting objects:  72% (84159/116887)[Kremote: Counting objects:  73% (85328/116887)[Kremote: Counting objects:  74% (86497/116887)[Kremote: Counting objects:  75% (87666/116887)[Kremote: Counting objects:  76% (88835/116887)[Kremote: Counting objects:  77% (90003/116887)[Kremote: Counting objects:  78% (91172/116887)[Kremote: Counting objects:  79% (92341/116887)[Kremote: Counting objects:  80% (93510/116887)[Kremote: Counting objects:  81% (94679/116887)[Kremote: Counting objects:  82% (95848/116887)[Kremote: Counting objects:  83% (97017/116887)[Kremote: Counting objects:  84% (98186/116887)[Kremote: Counting objects:  85% (99354/116887)[Kremote: Counting objects:  86% (100523/116887)[Kremote: Counting objects:  87% (101692/116887)[Kremote: Counting objects:  88% (102861/116887)[Kremote: Counting objects:  89% (104030/116887)[Kremote: Counting objects:  90% (105199/116887)[Kremote: Counting objects:  91% (106368/116887)[Kremote: Counting objects:  92% (107537/116887)[Kremote: Counting objects:  93% (108705/116887)[Kremote: Counting objects:  94% (109874/116887)[Kremote: Counting objects:  95% (111043/116887)[Kremote: Counting objects:  96% (112212/116887)[Kremote: Counting objects:  97% (113381/116887)[Kremote: Counting objects:  98% (114550/116887)[Kremote: Counting objects:  99% (115719/116887)[Kremote: Counting objects: 100% (116887/116887)[Kremote: Counting objects: 100% (116887/116887), done.[K
remote: Compressing objects:   0% (1/32581)[Kremote: Compressing objects:   1% (326/32581)[Kremote: Compressing objects:   2% (652/32581)[Kremote: Compressing objects:   3% (978/32581)[Kremote: Compressing objects:   4% (1304/32581)[Kremote: Compressing objects:   5% (1630/32581)[Kremote: Compressing objects:   6% (1955/32581)[Kremote: Compressing objects:   7% (2281/32581)[Kremote: Compressing objects:   8% (2607/32581)[Kremote: Compressing objects:   9% (2933/32581)[Kremote: Compressing objects:  10% (3259/32581)[Kremote: Compressing objects:  11% (3584/32581)[Kremote: Compressing objects:  12% (3910/32581)[Kremote: Compressing objects:  13% (4236/32581)[Kremote: Compressing objects:  14% (4562/32581)[Kremote: Compressing objects:  15% (4888/32581)[Kremote: Compressing objects:  16% (5213/32581)[Kremote: Compressing objects:  17% (5539/32581)[Kremote: Compressing objects:  18% (5865/32581)[Kremote: Compressing objects:  19% (6191/32581)[Kremote: Compressing objects:  20% (6517/32581)[Kremote: Compressing objects:  21% (6843/32581)[Kremote: Compressing objects:  22% (7168/32581)[Kremote: Compressing objects:  23% (7494/32581)[Kremote: Compressing objects:  24% (7820/32581)[Kremote: Compressing objects:  25% (8146/32581)[Kremote: Compressing objects:  26% (8472/32581)[Kremote: Compressing objects:  27% (8797/32581)[Kremote: Compressing objects:  28% (9123/32581)[Kremote: Compressing objects:  29% (9449/32581)[Kremote: Compressing objects:  30% (9775/32581)[Kremote: Compressing objects:  31% (10101/32581)[Kremote: Compressing objects:  32% (10426/32581)[Kremote: Compressing objects:  33% (10752/32581)[Kremote: Compressing objects:  34% (11078/32581)[Kremote: Compressing objects:  35% (11404/32581)[Kremote: Compressing objects:  36% (11730/32581)[Kremote: Compressing objects:  37% (12055/32581)[Kremote: Compressing objects:  38% (12381/32581)[Kremote: Compressing objects:  39% (12707/32581)[Kremote: Compressing objects:  40% (13033/32581)[Kremote: Compressing objects:  41% (13359/32581)[Kremote: Compressing objects:  42% (13685/32581)[Kremote: Compressing objects:  43% (14010/32581)[Kremote: Compressing objects:  44% (14336/32581)[Kremote: Compressing objects:  45% (14662/32581)[Kremote: Compressing objects:  46% (14988/32581)[Kremote: Compressing objects:  47% (15314/32581)[Kremote: Compressing objects:  48% (15639/32581)[Kremote: Compressing objects:  49% (15965/32581)[Kremote: Compressing objects:  50% (16291/32581)[Kremote: Compressing objects:  51% (16617/32581)[Kremote: Compressing objects:  52% (16943/32581)[Kremote: Compressing objects:  53% (17268/32581)[Kremote: Compressing objects:  54% (17594/32581)[Kremote: Compressing objects:  55% (17920/32581)[Kremote: Compressing objects:  56% (18246/32581)[Kremote: Compressing objects:  57% (18572/32581)[Kremote: Compressing objects:  58% (18897/32581)[Kremote: Compressing objects:  59% (19223/32581)[Kremote: Compressing objects:  60% (19549/32581)[Kremote: Compressing objects:  61% (19875/32581)[Kremote: Compressing objects:  62% (20201/32581)[Kremote: Compressing objects:  63% (20527/32581)[Kremote: Compressing objects:  64% (20852/32581)[Kremote: Compressing objects:  65% (21178/32581)[Kremote: Compressing objects:  66% (21504/32581)[Kremote: Compressing objects:  67% (21830/32581)[Kremote: Compressing objects:  68% (22156/32581)[Kremote: Compressing objects:  69% (22481/32581)[Kremote: Compressing objects:  70% (22807/32581)[Kremote: Compressing objects:  71% (23133/32581)[Kremote: Compressing objects:  72% (23459/32581)[Kremote: Compressing objects:  73% (23785/32581)[Kremote: Compressing objects:  74% (24110/32581)[Kremote: Compressing objects:  75% (24436/32581)[Kremote: Compressing objects:  76% (24762/32581)[Kremote: Compressing objects:  77% (25088/32581)[Kremote: Compressing objects:  78% (25414/32581)[Kremote: Compressing objects:  79% (25739/32581)[Kremote: Compressing objects:  80% (26065/32581)[Kremote: Compressing objects:  81% (26391/32581)[Kremote: Compressing objects:  82% (26717/32581)[Kremote: Compressing objects:  83% (27043/32581)[Kremote: Compressing objects:  84% (27369/32581)[Kremote: Compressing objects:  85% (27694/32581)[Kremote: Compressing objects:  86% (28020/32581)[Kremote: Compressing objects:  87% (28346/32581)[Kremote: Compressing objects:  88% (28672/32581)[Kremote: Compressing objects:  89% (28998/32581)[Kremote: Compressing objects:  90% (29323/32581)[Kremote: Compressing objects:  91% (29649/32581)[Kremote: Compressing objects:  92% (29975/32581)[Kremote: Compressing objects:  93% (30301/32581)[Kremote: Compressing objects:  94% (30627/32581)[Kremote: Compressing objects:  95% (30952/32581)[Kremote: Compressing objects:  96% (31278/32581)[Kremote: Compressing objects:  97% (31604/32581)[Kremote: Compressing objects:  98% (31930/32581)[Kremote: Compressing objects:  99% (32256/32581)[Kremote: Compressing objects: 100% (32581/32581)[Kremote: Compressing objects: 100% (32581/32581), done.[K
Receiving objects:   0% (1/116887)Receiving objects:   1% (1169/116887)Receiving objects:   2% (2338/116887)Receiving objects:   3% (3507/116887)Receiving objects:   4% (4676/116887), 1.45 MiB | 2.89 MiB/sReceiving objects:   5% (5845/116887), 1.45 MiB | 2.89 MiB/sReceiving objects:   6% (7014/116887), 1.45 MiB | 2.89 MiB/sReceiving objects:   7% (8183/116887), 1.45 MiB | 2.89 MiB/sReceiving objects:   8% (9351/116887), 1.45 MiB | 2.89 MiB/sReceiving objects:   9% (10520/116887), 1.45 MiB | 2.89 MiB/sReceiving objects:  10% (11689/116887), 1.45 MiB | 2.89 MiB/sReceiving objects:  11% (12858/116887), 1.45 MiB | 2.89 MiB/sReceiving objects:  12% (14027/116887), 1.45 MiB | 2.89 MiB/sReceiving objects:  12% (14695/116887), 1.45 MiB | 2.89 MiB/sReceiving objects:  13% (15196/116887), 4.13 MiB | 4.12 MiB/sReceiving objects:  14% (16365/116887), 4.13 MiB | 4.12 MiB/sReceiving objects:  15% (17534/116887), 4.13 MiB | 4.12 MiB/sReceiving objects:  16% (18702/116887), 4.13 MiB | 4.12 MiB/sReceiving objects:  17% (19871/116887), 4.13 MiB | 4.12 MiB/sReceiving objects:  18% (21040/116887), 4.13 MiB | 4.12 MiB/sReceiving objects:  19% (22209/116887), 4.13 MiB | 4.12 MiB/sReceiving objects:  20% (23378/116887), 4.13 MiB | 4.12 MiB/sReceiving objects:  21% (24547/116887), 4.13 MiB | 4.12 MiB/sReceiving objects:  22% (25716/116887), 4.13 MiB | 4.12 MiB/sReceiving objects:  23% (26885/116887), 7.79 MiB | 5.19 MiB/sReceiving objects:  23% (27456/116887), 7.79 MiB | 5.19 MiB/sReceiving objects:  24% (28053/116887), 12.18 MiB | 6.09 MiB/sReceiving objects:  25% (29222/116887), 12.18 MiB | 6.09 MiB/sReceiving objects:  26% (30391/116887), 16.50 MiB | 6.60 MiB/sReceiving objects:  27% (31560/116887), 16.50 MiB | 6.60 MiB/sReceiving objects:  28% (32729/116887), 16.50 MiB | 6.60 MiB/sReceiving objects:  28% (33711/116887), 16.50 MiB | 6.60 MiB/sReceiving objects:  29% (33898/116887), 21.01 MiB | 7.00 MiB/sReceiving objects:  30% (35067/116887), 21.01 MiB | 7.00 MiB/sReceiving objects:  31% (36235/116887), 21.01 MiB | 7.00 MiB/sReceiving objects:  32% (37404/116887), 21.01 MiB | 7.00 MiB/sReceiving objects:  33% (38573/116887), 21.01 MiB | 7.00 MiB/sReceiving objects:  34% (39742/116887), 21.01 MiB | 7.00 MiB/sReceiving objects:  35% (40911/116887), 21.01 MiB | 7.00 MiB/sReceiving objects:  36% (42080/116887), 25.61 MiB | 7.31 MiB/sReceiving objects:  37% (43249/116887), 25.61 MiB | 7.31 MiB/sReceiving objects:  38% (44418/116887), 25.61 MiB | 7.31 MiB/sReceiving objects:  39% (45586/116887), 25.61 MiB | 7.31 MiB/sReceiving objects:  40% (46755/116887), 25.61 MiB | 7.31 MiB/sReceiving objects:  40% (47808/116887), 25.61 MiB | 7.31 MiB/sReceiving objects:  41% (47924/116887), 30.32 MiB | 7.57 MiB/sReceiving objects:  42% (49093/116887), 30.32 MiB | 7.57 MiB/sReceiving objects:  43% (50262/116887), 30.32 MiB | 7.57 MiB/sReceiving objects:  44% (51431/116887), 30.32 MiB | 7.57 MiB/sReceiving objects:  45% (52600/116887), 30.32 MiB | 7.57 MiB/sReceiving objects:  46% (53769/116887), 30.32 MiB | 7.57 MiB/sReceiving objects:  47% (54937/116887), 30.32 MiB | 7.57 MiB/sReceiving objects:  48% (56106/116887), 30.32 MiB | 7.57 MiB/sReceiving objects:  49% (57275/116887), 30.32 MiB | 7.57 MiB/sReceiving objects:  50% (58444/116887), 34.90 MiB | 7.75 MiB/sReceiving objects:  51% (59613/116887), 34.90 MiB | 7.75 MiB/sReceiving objects:  52% (60782/116887), 34.90 MiB | 7.75 MiB/sReceiving objects:  53% (61951/116887), 34.90 MiB | 7.75 MiB/sReceiving objects:  54% (63119/116887), 34.90 MiB | 7.75 MiB/sReceiving objects:  55% (64288/116887), 34.90 MiB | 7.75 MiB/sReceiving objects:  56% (65457/116887), 34.90 MiB | 7.75 MiB/sReceiving objects:  57% (66626/116887), 34.90 MiB | 7.75 MiB/sReceiving objects:  58% (67795/116887), 34.90 MiB | 7.75 MiB/sReceiving objects:  59% (68964/116887), 34.90 MiB | 7.75 MiB/sReceiving objects:  60% (70133/116887), 34.90 MiB | 7.75 MiB/sReceiving objects:  61% (71302/116887), 34.90 MiB | 7.75 MiB/sReceiving objects:  62% (72470/116887), 34.90 MiB | 7.75 MiB/sReceiving objects:  62% (73370/116887), 34.90 MiB | 7.75 MiB/sReceiving objects:  63% (73639/116887), 43.50 MiB | 8.73 MiB/sReceiving objects:  64% (74808/116887), 43.50 MiB | 8.73 MiB/sReceiving objects:  65% (75977/116887), 43.50 MiB | 8.73 MiB/sReceiving objects:  66% (77146/116887), 43.50 MiB | 8.73 MiB/sReceiving objects:  67% (78315/116887), 43.50 MiB | 8.73 MiB/sReceiving objects:  68% (79484/116887), 43.50 MiB | 8.73 MiB/sReceiving objects:  68% (80114/116887), 43.50 MiB | 8.73 MiB/sReceiving objects:  69% (80653/116887), 47.97 MiB | 8.92 MiB/sReceiving objects:  70% (81821/116887), 47.97 MiB | 8.92 MiB/sReceiving objects:  71% (82990/116887), 47.97 MiB | 8.92 MiB/sReceiving objects:  72% (84159/116887), 47.97 MiB | 8.92 MiB/sReceiving objects:  73% (85328/116887), 47.97 MiB | 8.92 MiB/sReceiving objects:  74% (86497/116887), 47.97 MiB | 8.92 MiB/sReceiving objects:  75% (87666/116887), 47.97 MiB | 8.92 MiB/sReceiving objects:  76% (88835/116887), 47.97 MiB | 8.92 MiB/sReceiving objects:  77% (90003/116887), 47.97 MiB | 8.92 MiB/sReceiving objects:  78% (91172/116887), 47.97 MiB | 8.92 MiB/sReceiving objects:  79% (92341/116887), 52.36 MiB | 8.91 MiB/sReceiving objects:  80% (93510/116887), 52.36 MiB | 8.91 MiB/sReceiving objects:  81% (94679/116887), 52.36 MiB | 8.91 MiB/sReceiving objects:  82% (95848/116887), 52.36 MiB | 8.91 MiB/sReceiving objects:  83% (97017/116887), 52.36 MiB | 8.91 MiB/sReceiving objects:  84% (98186/116887), 52.36 MiB | 8.91 MiB/sReceiving objects:  85% (99354/116887), 52.36 MiB | 8.91 MiB/sReceiving objects:  86% (100523/116887), 52.36 MiB | 8.91 MiB/sReceiving objects:  87% (101692/116887), 52.36 MiB | 8.91 MiB/sReceiving objects:  88% (102861/116887), 52.36 MiB | 8.91 MiB/sReceiving objects:  89% (104030/116887), 52.36 MiB | 8.91 MiB/sReceiving objects:  90% (105199/116887), 52.36 MiB | 8.91 MiB/sReceiving objects:  91% (106368/116887), 52.36 MiB | 8.91 MiB/sReceiving objects:  92% (107537/116887), 52.36 MiB | 8.91 MiB/sReceiving objects:  93% (108705/116887), 52.36 MiB | 8.91 MiB/sReceiving objects:  94% (109874/116887), 52.36 MiB | 8.91 MiB/sReceiving objects:  95% (111043/116887), 52.36 MiB | 8.91 MiB/sReceiving objects:  96% (112212/116887), 52.36 MiB | 8.91 MiB/sReceiving objects:  96% (112987/116887), 52.36 MiB | 8.91 MiB/sReceiving objects:  97% (113381/116887), 52.36 MiB | 8.91 MiB/sReceiving objects:  98% (114550/116887), 56.86 MiB | 8.95 MiB/sReceiving objects:  99% (115719/116887), 56.86 MiB | 8.95 MiB/sremote: Total 116887 (delta 83223), reused 115871 (delta 82325), pack-reused 0
Receiving objects: 100% (116887/116887), 56.86 MiB | 8.95 MiB/sReceiving objects: 100% (116887/116887), 58.09 MiB | 8.12 MiB/s, done.
Resolving deltas:   0% (0/83223)Resolving deltas:   1% (1352/83223)Resolving deltas:   2% (1736/83223)Resolving deltas:   3% (2499/83223)Resolving deltas:   4% (3382/83223)Resolving deltas:   5% (4163/83223)Resolving deltas:   6% (5119/83223)Resolving deltas:   7% (5830/83223)Resolving deltas:   8% (6671/83223)Resolving deltas:   9% (7543/83223)Resolving deltas:  10% (8336/83223)Resolving deltas:  11% (9155/83223)Resolving deltas:  12% (9987/83223)Resolving deltas:  13% (10820/83223)Resolving deltas:  14% (11723/83223)Resolving deltas:  15% (12525/83223)Resolving deltas:  16% (13327/83223)Resolving deltas:  17% (14234/83223)Resolving deltas:  18% (15404/83223)Resolving deltas:  19% (15968/83223)Resolving deltas:  20% (16680/83223)Resolving deltas:  21% (17478/83223)Resolving deltas:  22% (18392/83223)Resolving deltas:  23% (19259/83223)Resolving deltas:  24% (20036/83223)Resolving deltas:  25% (20858/83223)Resolving deltas:  26% (21644/83223)Resolving deltas:  27% (22492/83223)Resolving deltas:  28% (23359/83223)Resolving deltas:  29% (24525/83223)Resolving deltas:  30% (25103/83223)Resolving deltas:  31% (25814/83223)Resolving deltas:  32% (26646/83223)Resolving deltas:  33% (27470/83223)Resolving deltas:  34% (28299/83223)Resolving deltas:  35% (29381/83223)Resolving deltas:  36% (30145/83223)Resolving deltas:  37% (30802/83223)Resolving deltas:  38% (31735/83223)Resolving deltas:  39% (32615/83223)Resolving deltas:  40% (33297/83223)Resolving deltas:  41% (34127/83223)Resolving deltas:  42% (35028/83223)Resolving deltas:  43% (35804/83223)Resolving deltas:  44% (36655/83223)Resolving deltas:  45% (37501/83223)Resolving deltas:  46% (38288/83223)Resolving deltas:  47% (39274/83223)Resolving deltas:  48% (39979/83223)Resolving deltas:  49% (40801/83223)Resolving deltas:  50% (41692/83223)Resolving deltas:  51% (42600/83223)Resolving deltas:  58% (48574/83223)Resolving deltas:  59% (49229/83223)Resolving deltas:  60% (49952/83223)Resolving deltas:  61% (50963/83223)Resolving deltas:  62% (51644/83223)Resolving deltas:  63% (52435/83223)Resolving deltas:  64% (53272/83223)Resolving deltas:  65% (54332/83223)Resolving deltas:  66% (54948/83223)Resolving deltas:  67% (55846/83223)Resolving deltas:  68% (56671/83223)Resolving deltas:  69% (57438/83223)Resolving deltas:  70% (58393/83223)Resolving deltas:  70% (58776/83223)Resolving deltas:  71% (59120/83223)Resolving deltas:  72% (59940/83223)Resolving deltas:  73% (60759/83223)Resolving deltas:  74% (61607/83223)Resolving deltas:  75% (62418/83223)Resolving deltas:  76% (63252/83223)Resolving deltas:  77% (64087/83223)Resolving deltas:  78% (64941/83223)Resolving deltas:  79% (65755/83223)Resolving deltas:  80% (67316/83223)Resolving deltas:  81% (67417/83223)Resolving deltas:  82% (68252/83223)Resolving deltas:  83% (69087/83223)Resolving deltas:  84% (69932/83223)Resolving deltas:  85% (70750/83223)Resolving deltas:  86% (71629/83223)Resolving deltas:  87% (72422/83223)Resolving deltas:  88% (73261/83223)Resolving deltas:  89% (74115/83223)Resolving deltas:  90% (74928/83223)Resolving deltas:  91% (75771/83223)Resolving deltas:  92% (76566/83223)Resolving deltas:  93% (77434/83223)Resolving deltas:  93% (77501/83223)Resolving deltas:  94% (78251/83223)Resolving deltas:  95% (79064/83223)Resolving deltas:  96% (79904/83223)Resolving deltas:  97% (80739/83223)Resolving deltas:  98% (81667/83223)Resolving deltas:  99% (82412/83223)Resolving deltas: 100% (83223/83223)Resolving deltas: 100% (83223/83223), done.
Updating files:   1% (184/11493)Updating files:   2% (230/11493)Updating files:   3% (345/11493)Updating files:   4% (460/11493)Updating files:   4% (564/11493)Updating files:   5% (575/11493)Updating files:   6% (690/11493)Updating files:   7% (805/11493)Updating files:   8% (920/11493)Updating files:   8% (979/11493)Updating files:   9% (1035/11493)Updating files:  10% (1150/11493)Updating files:  11% (1265/11493)Updating files:  12% (1380/11493)Updating files:  12% (1453/11493)Updating files:  13% (1495/11493)Updating files:  14% (1610/11493)Updating files:  15% (1724/11493)Updating files:  15% (1733/11493)Updating files:  16% (1839/11493)Updating files:  17% (1954/11493)Updating files:  17% (2013/11493)Updating files:  18% (2069/11493)Updating files:  19% (2184/11493)Updating files:  20% (2299/11493)Updating files:  20% (2304/11493)Updating files:  21% (2414/11493)Updating files:  22% (2529/11493)Updating files:  23% (2644/11493)Updating files:  23% (2651/11493)Updating files:  24% (2759/11493)Updating files:  25% (2874/11493)Updating files:  26% (2989/11493)Updating files:  26% (3078/11493)Updating files:  27% (3104/11493)Updating files:  28% (3219/11493)Updating files:  29% (3333/11493)Updating files:  30% (3448/11493)Updating files:  31% (3563/11493)Updating files:  31% (3666/11493)Updating files:  32% (3678/11493)Updating files:  33% (3793/11493)Updating files:  34% (3908/11493)Updating files:  35% (4023/11493)Updating files:  36% (4138/11493)Updating files:  37% (4253/11493)Updating files:  37% (4276/11493)Updating files:  38% (4368/11493)Updating files:  39% (4483/11493)Updating files:  40% (4598/11493)Updating files:  41% (4713/11493)Updating files:  42% (4828/11493)Updating files:  42% (4854/11493)Updating files:  43% (4942/11493)Updating files:  44% (5057/11493)Updating files:  45% (5172/11493)Updating files:  46% (5287/11493)Updating files:  47% (5402/11493)Updating files:  47% (5468/11493)Updating files:  48% (5517/11493)Updating files:  49% (5632/11493)Updating files:  50% (5747/11493)Updating files:  51% (5862/11493)Updating files:  52% (5977/11493)Updating files:  53% (6092/11493)Updating files:  53% (6111/11493)Updating files:  54% (6207/11493)Updating files:  55% (6322/11493)Updating files:  56% (6437/11493)Updating files:  57% (6552/11493)Updating files:  58% (6666/11493)Updating files:  58% (6749/11493)Updating files:  59% (6781/11493)Updating files:  60% (6896/11493)Updating files:  61% (7011/11493)Updating files:  62% (7126/11493)Updating files:  63% (7241/11493)Updating files:  64% (7356/11493)Updating files:  64% (7378/11493)Updating files:  65% (7471/11493)Updating files:  66% (7586/11493)Updating files:  67% (7701/11493)Updating files:  68% (7816/11493)Updating files:  69% (7931/11493)Updating files:  70% (8046/11493)Updating files:  70% (8104/11493)Updating files:  71% (8161/11493)Updating files:  72% (8275/11493)Updating files:  73% (8390/11493)Updating files:  74% (8505/11493)Updating files:  74% (8615/11493)Updating files:  75% (8620/11493)Updating files:  76% (8735/11493)Updating files:  77% (8850/11493)Updating files:  78% (8965/11493)Updating files:  78% (9024/11493)Updating files:  79% (9080/11493)Updating files:  80% (9195/11493)Updating files:  81% (9310/11493)Updating files:  81% (9400/11493)Updating files:  82% (9425/11493)Updating files:  83% (9540/11493)Updating files:  84% (9655/11493)Updating files:  84% (9699/11493)Updating files:  85% (9770/11493)Updating files:  86% (9884/11493)Updating files:  86% (9895/11493)Updating files:  87% (9999/11493)Updating files:  88% (10114/11493)Updating files:  89% (10229/11493)Updating files:  89% (10244/11493)Updating files:  90% (10344/11493)Updating files:  91% (10459/11493)Updating files:  92% (10574/11493)Updating files:  92% (10646/11493)Updating files:  93% (10689/11493)Updating files:  94% (10804/11493)Updating files:  95% (10919/11493)Updating files:  95% (11032/11493)Updating files:  96% (11034/11493)Updating files:  97% (11149/11493)Updating files:  98% (11264/11493)Updating files:  99% (11379/11493)Updating files:  99% (11415/11493)Updating files: 100% (11493/11493)Updating files: 100% (11493/11493), done.
]0;aman-sharma@TIGER02413: /mnt/d/mle_program/git_learning[01;32maman-sharma@TIGER02413[00m:[01;34m/mnt/d/mle_program/git_learning[00m$ git status
On branch main
Your branch is up to date with 'origin/main'.

Untracked files:
  (use "git add <file>..." to include in what will be committed)
	[31m./[m

nothing added to commit but untracked files present (use "git add" to track)
]0;aman-sharma@TIGER02413: /mnt/d/mle_program/git_learning[01;32maman-sharma@TIGER02413[00m:[01;34m/mnt/d/mle_program/git_learning[00m$ cd ..
]0;aman-sharma@TIGER02413: /mnt/d/mle_program[01;32maman-sharma@TIGER02413[00m:[01;34m/mnt/d/mle_program[00m$ git add .
warning: adding embedded git repository: git_learning/mylibgit
[33mhint: You've added another git repository inside your current repository.[m
[33mhint: Clones of the outer repository will not contain the contents of[m
[33mhint: the embedded repository and will not know how to obtain it.[m
[33mhint: If you meant to add a submodule, use:[m
[33mhint: [m
[33mhint: 	git submodule add <url> git_learning/mylibgit[m
[33mhint: [m
[33mhint: If you added this path by mistake, you can remove it from the[m
[33mhint: index with:[m
[33mhint: [m
[33mhint: 	git rm --cached git_learning/mylibgit[m
[33mhint: [m
[33mhint: See "git help submodule" for more information.[m
]0;aman-sharma@TIGER02413: /mnt/d/mle_program[01;32maman-sharma@TIGER02413[00m:[01;34m/mnt/d/mle_program[00m$ git add .
]0;aman-sharma@TIGER02413: /mnt/d/mle_program[01;32maman-sharma@TIGER02413[00m:[01;34m/mnt/d/mle_program[00m$ git commit -m 'git getting started'
[main e6a3261] git getting started
 2 files changed, 101 insertions(+)
 create mode 100644 git_learning/git_session
 create mode 160000 git_learning/mylibgit
]0;aman-sharma@TIGER02413: /mnt/d/mle_program[01;32maman-sharma@TIGER02413[00m:[01;34m/mnt/d/mle_program[00m$ git status
On branch main
Your branch is ahead of 'origin/main' by 1 commit.
  (use "git push" to publish your local commits)

nothing to commit, working tree clean
]0;aman-sharma@TIGER02413: /mnt/d/mle_program[01;32maman-sharma@TIGER02413[00m:[01;34m/mnt/d/mle_program[00m$ git push main origin
error: src refspec origin does not match any
[31merror: failed to push some refs to 'main'
[m]0;aman-sharma@TIGER02413: /mnt/d/mle_program[01;32maman-sharma@TIGER02413[00m:[01;34m/mnt/d/mle_program[00m$ git push main origin[1@o[1@r[1@i[1@g[1@i[1@n[1P[1P[1P[1P origin[1Porigin[1Prigin[1Pigin[1Pgin[1Pin[1Pn[K main
Username for 'https://github.com': aman-sharma-tiger
Password for 'https://aman-sharma-tiger@github.com': 
To https://github.com/aman-sharma-tiger/mle_program.git
 [31m! [rejected]       [m main -> main (fetch first)
[31merror: failed to push some refs to 'https://github.com/aman-sharma-tiger/mle_program.git'
[m[33mhint: Updates were rejected because the remote contains work that you do[m
[33mhint: not have locally. This is usually caused by another repository pushing[m
[33mhint: to the same ref. You may want to first integrate the remote changes[m
[33mhint: (e.g., 'git pull ...') before pushing again.[m
[33mhint: See the 'Note about fast-forwards' in 'git push --help' for details.[m
]0;aman-sharma@TIGER02413: /mnt/d/mle_program[01;32maman-sharma@TIGER02413[00m:[01;34m/mnt/d/mle_program[00m$ git rm --cached git_learning/mylibgit
rm 'git_learning/mylibgit'
]0;aman-sharma@TIGER02413: /mnt/d/mle_program[01;32maman-sharma@TIGER02413[00m:[01;34m/mnt/d/mle_program[00m$ git status
On branch main
Your branch is ahead of 'origin/main' by 1 commit.
  (use "git push" to publish your local commits)

Changes to be committed:
  (use "git restore --staged <file>..." to unstage)
	[32mdeleted:    git_learning/mylibgit[m

Changes not staged for commit:
  (use "git add <file>..." to update what will be committed)
  (use "git restore <file>..." to discard changes in working directory)
	[31mmodified:   git_learning/git_session[m

Untracked files:
  (use "git add <file>..." to include in what will be committed)
	[31mgit_learning/mylibgit/[m

]0;aman-sharma@TIGER02413: /mnt/d/mle_program[01;32maman-sharma@TIGER02413[00m:[01;34m/mnt/d/mle_program[00m$ git add .
warning: adding embedded git repository: git_learning/mylibgit
[33mhint: You've added another git repository inside your current repository.[m
[33mhint: Clones of the outer repository will not contain the contents of[m
[33mhint: the embedded repository and will not know how to obtain it.[m
[33mhint: If you meant to add a submodule, use:[m
[33mhint: [m
[33mhint: 	git submodule add <url> git_learning/mylibgit[m
[33mhint: [m
[33mhint: If you added this path by mistake, you can remove it from the[m
[33mhint: index with:[m
[33mhint: [m
[33mhint: 	git rm --cached git_learning/mylibgit[m
[33mhint: [m
[33mhint: See "git help submodule" for more information.[m
]0;aman-sharma@TIGER02413: /mnt/d/mle_program[01;32maman-sharma@TIGER02413[00m:[01;34m/mnt/d/mle_program[00m$ git rm --cached git_learning/mylibgit
rm 'git_learning/mylibgit'
]0;aman-sharma@TIGER02413: /mnt/d/mle_program[01;32maman-sharma@TIGER02413[00m:[01;34m/mnt/d/mle_program[00m$ gti[K[Kit -m [K[K[K[K commit -m 'done'
[main 0737b4c] done
 2 files changed, 40 insertions(+), 2 deletions(-)
 delete mode 160000 git_learning/mylibgit
]0;aman-sharma@TIGER02413: /mnt/d/mle_program[01;32maman-sharma@TIGER02413[00m:[01;34m/mnt/d/mle_program[00m$ git status
On branch main
Your branch is ahead of 'origin/main' by 2 commits.
  (use "git push" to publish your local commits)

Changes not staged for commit:
  (use "git add <file>..." to update what will be committed)
  (use "git restore <file>..." to discard changes in working directory)
	[31mmodified:   git_learning/git_session[m

Untracked files:
  (use "git add <file>..." to include in what will be committed)
	[31mgit_learning/mylibgit/[m

no changes added to commit (use "git add" and/or "git commit -a")
]0;aman-sharma@TIGER02413: /mnt/d/mle_program[01;32maman-sharma@TIGER02413[00m:[01;34m/mnt/d/mle_program[00m$ git status
On branch main
Your branch is ahead of 'origin/main' by 2 commits.
  (use "git push" to publish your local commits)

Changes not staged for commit:
  (use "git add <file>..." to update what will be committed)
  (use "git restore <file>..." to discard changes in working directory)
	[31mmodified:   git_learning/git_session[m

no changes added to commit (use "git add" and/or "git commit -a")
]0;aman-sharma@TIGER02413: /mnt/d/mle_program[01;32maman-sharma@TIGER02413[00m:[01;34m/mnt/d/mle_program[00m$ git add .
]0;aman-sharma@TIGER02413: /mnt/d/mle_program[01;32maman-sharma@TIGER02413[00m:[01;34m/mnt/d/mle_program[00m$ git status
On branch main
Your branch is ahead of 'origin/main' by 2 commits.
  (use "git push" to publish your local commits)

Changes to be committed:
  (use "git restore --staged <file>..." to unstage)
	[32mmodified:   git_learning/git_session[m

]0;aman-sharma@TIGER02413: /mnt/d/mle_program[01;32maman-sharma@TIGER02413[00m:[01;34m/mnt/d/mle_program[00m$ git commit -m 'git basics started'
[main de7a63c] git basics started
 1 file changed, 52 insertions(+), 1 deletion(-)
]0;aman-sharma@TIGER02413: /mnt/d/mle_program[01;32maman-sharma@TIGER02413[00m:[01;34m/mnt/d/mle_program[00m$ git status
On branch main
Your branch is ahead of 'origin/main' by 3 commits.
  (use "git push" to publish your local commits)

Changes not staged for commit:
  (use "git add <file>..." to update what will be committed)
  (use "git restore <file>..." to discard changes in working directory)
	[31mmodified:   git_learning/git_session[m

no changes added to commit (use "git add" and/or "git commit -a")
]0;aman-sharma@TIGER02413: /mnt/d/mle_program[01;32maman-sharma@TIGER02413[00m:[01;34m/mnt/d/mle_program[00m$ git push origin main
Username for 'https://github.com': aman-sharma-tiger
Password for 'https://aman-sharma-tiger@github.com': 
To https://github.com/aman-sharma-tiger/mle_program.git
 [31m! [rejected]       [m main -> main (fetch first)
[31merror: failed to push some refs to 'https://github.com/aman-sharma-tiger/mle_program.git'
[m[33mhint: Updates were rejected because the remote contains work that you do[m
[33mhint: not have locally. This is usually caused by another repository pushing[m
[33mhint: to the same ref. You may want to first integrate the remote changes[m
[33mhint: (e.g., 'git pull ...') before pushing again.[m
[33mhint: See the 'Note about fast-forwards' in 'git push --help' for details.[m
]0;aman-sharma@TIGER02413: /mnt/d/mle_program[01;32maman-sharma@TIGER02413[00m:[01;34m/mnt/d/mle_program[00m$ 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[K[K[K[K[K[K[K[K[K[K[K[K[K[K[K[K[K[K[K[K[K[K[K[K[K[K[K[K[K[K[K[K[K[K[K[K[K[K[K[KV[Kgit pull origin main
remote: Enumerating objects: 4, done.[K
remote: Counting objects:  25% (1/4)[Kremote: Counting objects:  50% (2/4)[Kremote: Counting objects:  75% (3/4)[Kremote: Counting objects: 100% (4/4)[Kremote: Counting objects: 100% (4/4), done.[K
remote: Compressing objects:  33% (1/3)[Kremote: Compressing objects:  66% (2/3)[Kremote: Compressing objects: 100% (3/3)[Kremote: Compressing objects: 100% (3/3), done.[K
remote: Total 3 (delta 1), reused 0 (delta 0), pack-reused 0[K
Unpacking objects:  33% (1/3)Unpacking objects:  66% (2/3)Unpacking objects: 100% (3/3)Unpacking objects: 100% (3/3), 727 bytes | 80.00 KiB/s, done.
From https://github.com/aman-sharma-tiger/mle_program
 * branch            main       -> FETCH_HEAD
   ecd952b..c153e68  main       -> origin/main
hint: Waiting for your editor to close the file... 'C:/Program Files/Notepad++/notepad++.exe' -multiInst -notabbar -nosession -noPlugin: 1: C:/Program Files/Notepad++/notepad++.exe: not found
error: There was a problem with the editor ''C:/Program Files/Notepad++/notepad++.exe' -multiInst -notabbar -nosession -noPlugin'.
Not committing merge; use 'git commit' to complete the merge.
]0;aman-sharma@TIGER02413: /mnt/d/mle_program[01;32maman-sharma@TIGER02413[00m:[01;34m/mnt/d/mle_program[00m$ git status
On branch main
Your branch and 'origin/main' have diverged,
and have 3 and 1 different commits each, respectively.
  (use "git pull" to merge the remote branch into yours)

All conflicts fixed but you are still merging.
  (use "git commit" to conclude merge)

Changes to be committed:
	[32mnew file:   README.md[m

Changes not staged for commit:
  (use "git add <file>..." to update what will be committed)
  (use "git restore <file>..." to discard changes in working directory)
	[31mmodified:   git_learning/git_session[m

]0;aman-sharma@TIGER02413: /mnt/d/mle_program[01;32maman-sharma@TIGER02413[00m:[01;34m/mnt/d/mle_program[00m$ git stat[K[K[K[Kadd .
]0;aman-sharma@TIGER02413: /mnt/d/mle_program[01;32maman-sharma@TIGER02413[00m:[01;34m/mnt/d/mle_program[00m$ git commit -m ''g'i't' 's't'a'r't'e'd'
[main c522f81] git started
]0;aman-sharma@TIGER02413: /mnt/d/mle_program[01;32maman-sharma@TIGER02413[00m:[01;34m/mnt/d/mle_program[00m$ git push origin main
Username for 'https://github.com': aman-sharma-tiger
Password for 'https://aman-sharma-tiger@github.com': 
Enumerating objects: 18, done.
Counting objects:   5% (1/18)Counting objects:  11% (2/18)Counting objects:  16% (3/18)Counting objects:  22% (4/18)Counting objects:  27% (5/18)Counting objects:  33% (6/18)Counting objects:  38% (7/18)Counting objects:  44% (8/18)Counting objects:  50% (9/18)Counting objects:  55% (10/18)Counting objects:  61% (11/18)Counting objects:  66% (12/18)Counting objects:  72% (13/18)Counting objects:  77% (14/18)Counting objects:  83% (15/18)Counting objects:  88% (16/18)Counting objects:  94% (17/18)Counting objects: 100% (18/18)Counting objects: 100% (18/18), done.
Delta compression using up to 8 threads
Compressing objects:   7% (1/13)Compressing objects:  15% (2/13)Compressing objects:  23% (3/13)Compressing objects:  30% (4/13)Compressing objects:  38% (5/13)Compressing objects:  46% (6/13)Compressing objects:  53% (7/13)Compressing objects:  61% (8/13)Compressing objects:  69% (9/13)Compressing objects:  76% (10/13)Compressing objects:  84% (11/13)Compressing objects:  92% (12/13)Compressing objects: 100% (13/13)Compressing objects: 100% (13/13), done.
Writing objects:   6% (1/16)Writing objects:  12% (2/16)Writing objects:  18% (3/16)Writing objects:  25% (4/16)Writing objects:  31% (5/16)Writing objects:  37% (6/16)Writing objects:  43% (7/16)Writing objects:  50% (8/16)Writing objects:  56% (9/16)Writing objects:  62% (10/16)Writing objects:  68% (11/16)Writing objects:  75% (12/16)Writing objects:  81% (13/16)Writing objects:  87% (14/16)Writing objects:  93% (15/16)Writing objects: 100% (16/16)Writing objects: 100% (16/16), 7.17 KiB | 2.39 MiB/s, done.
Total 16 (delta 7), reused 0 (delta 0)
remote: Resolving deltas:   0% (0/7)[Kremote: Resolving deltas:  14% (1/7)[Kremote: Resolving deltas:  28% (2/7)[Kremote: Resolving deltas:  42% (3/7)[Kremote: Resolving deltas:  57% (4/7)[Kremote: Resolving deltas:  71% (5/7)[Kremote: Resolving deltas:  85% (6/7)[Kremote: Resolving deltas: 100% (7/7)[Kremote: Resolving deltas: 100% (7/7), completed with 1 local object.[K
To https://github.com/aman-sharma-tiger/mle_program.git
   c153e68..c522f81  main -> main
]0;aman-sharma@TIGER02413: /mnt/d/mle_program[01;32maman-sharma@TIGER02413[00m:[01;34m/mnt/d/mle_program[00m$ git status
On branch main
Your branch is up to date with 'origin/main'.

Changes not staged for commit:
  (use "git add <file>..." to update what will be committed)
  (use "git restore <file>..." to discard changes in working directory)
	[31mmodified:   git_learning/git_session[m

no changes added to commit (use "git add" and/or "git commit -a")
]0;aman-sharma@TIGER02413: /mnt/d/mle_program[01;32maman-sharma@TIGER02413[00m:[01;34m/mnt/d/mle_program[00m$ git log
[?1h=[33mcommit c522f81f867941b2e30d60a5e7575997b5a44bed[m[33m ([m[1;36mHEAD -> [m[1;32mmain[m[33m, [m[1;31morigin/main[m[33m)[m[m
Merge: de7a63c c153e68[m
Author: Aman <aman.sharma@tigeranalytics.com>[m
Date:   Fri Mar 25 14:22:02 2022 +0530[m
[m
    git started[m
[m
[33mcommit de7a63ca3ac2379a8c78b3ec8033a5ce6d1a9fe0[m[m
Author: Aman <aman.sharma@tigeranalytics.com>[m
Date:   Fri Mar 25 14:18:17 2022 +0530[m
[m
    git basics started[m
[m
[33mcommit 0737b4cad6821473cf74e2cb5bc620d051c93503[m[m
Author: Aman <aman.sharma@tigeranalytics.com>[m
Date:   Fri Mar 25 14:16:21 2022 +0530[m
[m
    done[m
[m
[33mcommit e6a326182c27b5cff069d1681a26328622579fde[m[m
Author: Aman <aman.sharma@tigeranalytics.com>[m
Date:   Fri Mar 25 14:11:37 2022 +0530[m
[m
    git getting started[m
[m
[33mcommit c153e68dc84b5cc11abea9fcc70d6d0122973ea1[m[m
Author: aman-sharma-tiger <102216039+aman-sharma-tiger@users.noreply.github.com>[m
Date:   Fri Mar 25 01:38:48 2022 +0530[m
[m
    Create README.md[m
[m
[33mcommit ecd952bf289e57a357cff774aeee04f694af9fc3[m[m
Author: Aman <aman.sharma@tigeranalytics.com>[m
Date:   Fri Mar 25 01:17:27 2022 +0530[m
[m
    done with unix commands[m
[m
[33mcommit b92ec7b75cec12454692c1d3e02e3f8e8f1cbc79[m[m
Author: Aman <aman.sharma@tigeranalytics.com>[m
Date:   Fri Mar 25 01:15:41 2022 +0530[m
[m
    finding things done[m
[m
:[K[K[33mcommit 98a5c5fd21159dc930b1468babd57b0c1ade9057[m[m
:[K[KAuthor: Aman <aman.sharma@tigeranalytics.com>[m
:[K[KDate:   Thu Mar 24 23:30:32 2022 +0530[m
:[K[K[m
:[K[K    shell scripting done[m
:[K[K[m
:[K[K[33mcommit 9e57d60dd371f9874165a97e489650d96f26ce0f[m[m
:[K[KAuthor: Aman <aman.sharma@tigeranalytics.com>[m
:[K[KDate:   Thu Mar 24 18:53:09 2022 +0530[m
:[K[K[m
:[K[K    loops done[m
:[K[K[m
:[K[K[33mcommit cdffe8957a7ebae6b71a87cb3d7b61eff8d1d22e[m[m
:[K[KAuthor: Aman <aman.sharma@tigeranalytics.com>[m
:[K[KDate:   Thu Mar 24 17:08:07 2022 +0530[m
:[K[K[m
:[K[K    pipes done[m
:[K[K[m
:[K[K[33mcommit ababcd9174355b5dbc462aef0ecc2c320a774ee1[m[m
:[K[KAuthor: Aman <aman.sharma@tigeranalytics.com>[m
:[K[KDate:   Thu Mar 24 16:50:34 2022 +0530[m
:[K[K[m
:[K[K    working with files & directory done[m
:[K[K[K[7m(END)[27m[K[K[K[7m(END)[27m[K[K[K[7m(END)[27m[K[K[K[7m(END)[27m[K[K[K[7m(END)[27m[K[K[K[7m(END)[27m[K[K[K[7m(END)[27m[K[K[K[7m(END)[27m[K[K[K[7m(END)[27m[K[K[K[7m(END)[27m[K[K[K[7m(END)[27m[K[K[K[7m(END)[27m[K[K[K[7m(END)[27m[K[K[K[7m(END)[27m[K[K[K[7m(END)[27m[K[K[K[7m(END)[27m[K[K[K[7m(END)[27m[K[K[K[7m(END)[27m[K[K[K[7m(END)[27m[K[K[K[7m(END)[27m[K[K[K[7m(END)[27m[K[K[K[7m(END)[27m[K[K[?1l>
[1]+  Stopped                 git log
]0;aman-sharma@TIGER02413: /mnt/d/mle_program[01;32maman-sharma@TIGER02413[00m:[01;34m/mnt/d/mle_program[00m$ git log --pretty==onr[Keline
fatal: invalid --pretty format: =oneline
]0;aman-sharma@TIGER02413: /mnt/d/mle_program[01;32maman-sharma@TIGER02413[00m:[01;34m/mnt/d/mle_program[00m$ git log --pretty==oneline[K[K[K[K[K[K[K[K[K[K[K[K[K[K[K[K[K-oneline
fatal: unrecognized argument: -oneline
]0;aman-sharma@TIGER02413: /mnt/d/mle_program[01;32maman-sharma@TIGER02413[00m:[01;34m/mnt/d/mle_program[00m$ git log -oneline[C[C-oneline
[?1h=[33mc522f81[m[33m ([m[1;36mHEAD -> [m[1;32mmain[m[33m, [m[1;31morigin/main[m[33m)[m git started[m
[33mde7a63c[m git basics started[m
[33m0737b4c[m done[m
[33me6a3261[m git getting started[m
[33mc153e68[m Create README.md[m
[33mecd952b[m done with unix commands[m
[33mb92ec7b[m finding things done[m
[33m98a5c5f[m shell scripting done[m
[33m9e57d60[m loops done[m
[33mcdffe89[m pipes done[m
[33mababcd9[m working with files & directory done[m
[K[?1l>]0;aman-sharma@TIGER02413: /mnt/d/mle_program[01;32maman-sharma@TIGER02413[00m:[01;34m/mnt/d/mle_program[00m$ git log -5
[?1h=[33mcommit c522f81f867941b2e30d60a5e7575997b5a44bed[m[33m ([m[1;36mHEAD -> [m[1;32mmain[m[33m, [m[1;31morigin/main[m[33m)[m[m
Merge: de7a63c c153e68[m
Author: Aman <aman.sharma@tigeranalytics.com>[m
Date:   Fri Mar 25 14:22:02 2022 +0530[m
[m
    git started[m
[m
[33mcommit de7a63ca3ac2379a8c78b3ec8033a5ce6d1a9fe0[m[m
Author: Aman <aman.sharma@tigeranalytics.com>[m
Date:   Fri Mar 25 14:18:17 2022 +0530[m
[m
    git basics started[m
[m
[33mcommit 0737b4cad6821473cf74e2cb5bc620d051c93503[m[m
Author: Aman <aman.sharma@tigeranalytics.com>[m
Date:   Fri Mar 25 14:16:21 2022 +0530[m
[m
    done[m
[m
[33mcommit e6a326182c27b5cff069d1681a26328622579fde[m[m
Author: Aman <aman.sharma@tigeranalytics.com>[m
Date:   Fri Mar 25 14:11:37 2022 +0530[m
[m
    git getting started[m
[m
[33mcommit c153e68dc84b5cc11abea9fcc70d6d0122973ea1[m[m
Author: aman-sharma-tiger <102216039+aman-sharma-tiger@users.noreply.github.com>[m
Date:   Fri Mar 25 01:38:48 2022 +0530[m
[m
    Create README.md[m
[K[?1l>]0;aman-sharma@TIGER02413: /mnt/d/mle_program[01;32maman-sharma@TIGER02413[00m:[01;34m/mnt/d/mle_program[00m$ git remote
origin
]0;aman-sharma@TIGER02413: /mnt/d/mle_program[01;32maman-sharma@TIGER02413[00m:[01;34m/mnt/d/mle_program[00m$ git remote -v
origin	https://github.com/aman-sharma-tiger/mle_program.git (fetch)
origin	https://github.com/aman-sharma-tiger/mle_program.git (push)
]0;aman-sharma@TIGER02413: /mnt/d/mle_program[01;32maman-sharma@TIGER02413[00m:[01;34m/mnt/d/mle_program[00m$ git tag
[?1h=[K[?1l>]0;aman-sharma@TIGER02413: /mnt/d/mle_program[01;32maman-sharma@TIGER02413[00m:[01;34m/mnt/d/mle_program[00m$ git tag v1.0
]0;aman-sharma@TIGER02413: /mnt/d/mle_program[01;32maman-sharma@TIGER02413[00m:[01;34m/mnt/d/mle_program[00m$ git tag
[?1h=v1.0[m
[K[?1l>]0;aman-sharma@TIGER02413: /mnt/d/mle_program[01;32maman-sharma@TIGER02413[00m:[01;34m/mnt/d/mle_program[00m$ git show v1.0
[?1h=[33mcommit c522f81f867941b2e30d60a5e7575997b5a44bed[m[33m ([m[1;36mHEAD -> [m[1;32mmain[m[33m, [m[1;33mtag: v1.0[m[33m, [m[1;31morigin/main[m[33m)[m[m
Merge: de7a63c c153e68[m
Author: Aman <aman.sharma@tigeranalytics.com>[m
Date:   Fri Mar 25 14:22:02 2022 +0530[m
[m
    git started[m
[m
[1mdiff --cc git_learning/git_session[m[m
[1mindex 93f417c,0000000..e66605b[m[m
mode 100644,000000..100644[m[m
[1m--- a/git_learning/git_session[m[m
[1m+++ b/git_learning/git_session[m[m
[36m@@@ -1,190 -1,0 +1,246 @@@[m[m
[32m +Script started on 2022-03-25 13:43:56+05:30 [TERM="xterm-256color" TTY="/dev/tty1" COLUMNS="168" LINES="44"][m[m
[32m +0;aman-sharma@TIGER02413: /mnt/d/mle_program/git_learning[7m^G[27m[01;32maman-sharma@TIGER02413[00m:[01;34m/mnt/d/mle_program/git_learning[00m$ git status[m[m
[32m +On branch main[m[m
[32m +Your branch is up to date with 'origin/main'.[m[m
[32m +[m[m
[32m +Untracked files:[m[m
[32m +  (use "git add <file>..." to include in what will be committed)[m[m
[32m +      [31m./[m[m[m
[32m +[m[m
[32m +nothing added to commit but untracked files present (use "git add" to track)[m[m
[32m +0;aman-sharma@TIGER02413: /mnt/d/mle_program/git_learning[7m^G[27m[01;32maman-sharma@TIGER02413[00m:[01;34m/mnt/d/mle_program/git_learning[00m$ cd ..[m[m
[32m +0;aman-sharma@TIGER02413: /mnt/d/mle_program[7m^G[27m[01;32maman-sharma@TIGER02413[00m:[01;34m/mnt/d/mle_program[00m$ git status[m[m
[32m +On branch main[m[m
[32m +Your branch is up to date with 'origin/main'.[m[m
[32m +[m[m
[32m +Untracked files:[m[m
[32m +  (use "git add <file>..." to include in what will be committed)[m[m
[32m +      [31mgit_learning/[m[m[m
[32m +[m[m
[32m +nothing added to commit but untracked files present (use "git add" to track)[m[m
[32m +0;aman-sharma@TIGER02413: /mnt/d/mle_program[7m^G[27m[01;32maman-sharma@TIGER02413[00m:[01;34m/mnt/d/mle_program[00m$ cd git_learning/[m[m
[32m +0;aman-sharma@TIGER02413: /mnt/d/mle_program/git_learning[7m^G[27m[01;32maman-sharma@TIGER02413[00m:[01;34m/mnt/d/mle_program/git_learning[00m$ git config --list --show-origin[m[m
[32m +[7m^M[27mfile:/home/aman-sharma/.gitconfig       user.name=Aman[m[m[m
[32m +file:/home/aman-sharma/.gitconfig       user.email=aman.sharma@tigeranalytics.com[m[m[m
[32m +file:.git/config        core.repositoryformatversion=0[m[m[m
[32m +file:.git/config        core.filemode=false[m[m[m
[32m +file:.git/config        core.bare=false[m[m[m
[32m +file:.git/config        core.logallrefupdates=true[m[m[m
[32m +file:.git/config        core.ignorecase=true[m[m[m
[32m +file:.git/config        remote.origin.url=https://github.com/aman-sharma-tiger/mle_program.git[m[m[m
:[K[K[32m +file:.git/config        remote.origin.fetch=+refs/heads/*:refs/remotes/origin/*[m[m[m
:[K[K[32m +file:.git/config        branch.main.remote=origin[m[m[m
:[K[K[32m +file:.git/config        branch.main.merge=refs/heads/main[m[m[m
:[K[K[32m +[7m^M[27m0;aman-sharma@TIGER02413: /mnt/d/mle_program/git_learning[7m^G[27m[01;32maman-sharma@TIGER02413[00m:[01;34m/mnt/d/mle_program/git_learning[00m$ [7m^G^G^G[27mclear[m[m
:[K[K[32m +0;aman-sharma@TIGER02413: /mnt/d/mle_program/git_learning[7m^G[27m[01;32maman-sharma@TIGER02413[00m:[01;34m/mnt/d/mle_program/git_learning[00m$ git config --global core.editor "'C:/Program Files/[m :[K[K[32m[01;32m[00m[01;34m[00mNotepad++/notepad++.exe' -multiInst -notabbar -nosession -noPlugin"[m[m
:[K[K[32m +0;aman-sharma@TIGER02413: /mnt/d/mle_program/git_learning[7m^G[27m[01;32maman-sharma@TIGER02413[00m:[01;34m/mnt/d/mle_program/git_learning[00m$ git config --global core.editor "'C:/Program Files/[m :[K[K[32m[01;32m[00m[01;34m[00mNotepad++/notepad++.exe' -multiInst -notabbar -nosession -noPlugin"[7m^M[27m0;aman-sharma@TIGER02413: /mnt/d/mle_program/git_learning[7m^G[27m[01;32maman-sharma@TIGER02413[00m:[01;34m/mnt/d/mle_progra[m :[K[K[32m[01;32m[00m[01;34m[00m[01;32m[00m[01;34mm/git_learning[00m$ clear[m[m
:[K[K[32m +[7m^M^H^H^H^H^H[27mgit config --list --show-origin[m[m
:[K[K[32m +[7m^M[27mfile:/home/aman-sharma/.gitconfig       user.name=Aman[m[m[m
:[K[K[32m +file:/home/aman-sharma/.gitconfig       user.email=aman.sharma@tigeranalytics.com[m[m[m
:[K[K[32m +file:/home/aman-sharma/.gitconfig       core.editor='C:/Program Files/Notepad++/notepad++.exe' -multiInst -notabbar -nosession -noPlugin[m[m[m
:[K[K[32m +file:.git/config        core.repositoryformatversion=0[m[m[m
:[K[K[32m +file:.git/config        core.filemode=false[m[m[m
:[K[K[32m +file:.git/config        core.bare=false[m[m[m
:[K[K[32m +file:.git/config        core.logallrefupdates=true[m[m[m
:[K[K[32m +file:.git/config        core.ignorecase=true[m[m[m
:[K[K[32m +file:.git/config        remote.origin.url=https://github.com/aman-sharma-tiger/mle_program.git[m[m[m
:[K[K[32m +file:.git/config        remote.origin.fetch=+refs/heads/*:refs/remotes/origin/*[m[m[m
:[K[K[32m +file:.git/config        branch.main.remote=origin[m[m[m
:[K[K[32m +file:.git/config        branch.main.merge=refs/heads/main[m[m[m
:[K[K[32m +[7m^M[27m0;aman-sharma@TIGER02413: /mnt/d/mle_program/git_learning[7m^G[27m[01;32maman-sharma@TIGER02413[00m:[01;34m/mnt/d/mle_program/git_learning[00m$ git config --global init.defaultBranch main[m[m
:[K[K[32m +0;aman-sharma@TIGER02413: /mnt/d/mle_program/git_learning[7m^G[27m[01;32maman-sharma@TIGER02413[00m:[01;34m/mnt/d/mle_program/git_learning[00m$ clear[m[m
:[K[K[32m +0;aman-sharma@TIGER02413: /mnt/d/mle_program/git_learning[7m^G[27m[01;32maman-sharma@TIGER02413[00m:[01;34m/mnt/d/mle_program/git_learning[00m$ git config --list[m[m
:[K[K[32m +[7m^M[27muser.name=Aman[m[m[m
:[K[K[32m +user.email=aman.sharma@tigeranalytics.com[m[m[m
:[K[K[32m +core.editor='C:/Program Files/Notepad++/notepad++.exe' -multiInst -notabbar -nosession -noPlugin[m[m[m
:[K[K[32m +init.defaultbranch=main[m[m[m
:[K[K[32m +core.repositoryformatversion=0[m[m[m
:[K[K[32m +core.filemode=false[m[m[m
:[K[K[32m +core.bare=false[m[m[m
:[K[K[32m +core.logallrefupdates=true[m[m[m
:[K[K[32m +core.ignorecase=true[m[m[m
:[K[K[32m +remote.origin.url=https://github.com/aman-sharma-tiger/mle_program.git[m[m[m
:[K[K[32m +remote.origin.fetch=+refs/heads/*:refs/remotes/origin/*[m[m[m
:[K[K[32m +branch.main.remote=origin[m[m[m
:[K[K[32m +branch.main.merge=refs/heads/main[m[m[m
:[K[K[32m +[7m^M[27m0;aman-sharma@TIGER02413: /mnt/d/mle_program/git_learning[7m^G[27m[01;32maman-sharma@TIGER02413[00m:[01;34m/mnt/d/mle_program/git_learning[00m$ git clone https://github.com/libgit2/libgit2 myli[m :[K[K[32m[01;32m[00m[01;34m[00mbgit[m[m
:[K[K[32m +Cloning into 'mylibgit'...[m[m
:[K[K[32m +remote: Enumerating objects: 116887, done.[m[m
:[K[K[32m +remote: Counting objects:   0% (1/116887)[7m^M[27mremote: Counting objects:   1% (1169/116887)[7m^M[27mremote: Counting objects:   2% (2338/116887)[7m^M[27mremote: Counting objects:   3% [m :[K[K[32m(3507/116887)[7m^M[27mremote: Counting objects:   4% (4676/116887)[7m^M[27mremote: Counting objects:   5% (5845/116887)[7m^M[27mremote: Counting objects:   6% (7014/116887)[7m^M[27mremote: Countin[m :[K[K[32mg objects:   7% (8183/116887)[7m^M[27mremote: Counting objects:   8% (9351/116887)[7m^M[27mremote: Counting objects:   9% (10520/116887)[7m^M[27mremote: Counting objects:  10% (11689/116887[m :[K[K[32m)[7m^M[27mremote: Counting objects:  11% (12858/116887)[7m^M[27mremote: Counting objects:  12% (14027/116887)[7m^M[27mremote: Counting objects:  13% (15196/116887)[7m^M[27mremote: Counting objects[m :[K[K[32m:  14% (16365/116887)[7m^M[27mremote: Counting objects:  15% (17534/116887)[7m^M[27mremote: Counting objects:  16% (18702/116887)[7m^M[27mremote: Counting objects:  17% (19871/116887)[7m^M[27mremo[m :[K[K[32mte: Counting objects:  18% (21040/116887)[7m^M[27mremote: Counting objects:  19% (22209/116887)[7m^M[27mremote: Counting objects:  20% (23378/116887)[7m^M[27mremote: Counting objects:  21% [m :[K[K[32m(24547/116887)[7m^M[27mremote: Counting objects:  22% (25716/116887)[7m^M[27mremote: Counting objects:  23% (26885/116887)[7m^M[27mremote: Counting objects:  24% (28053/116887)[7m^M[27mremote: Cou[m :[K[K[32mnting objects:  25% (29222/116887)[7m^M[27mremote: Counting objects:  26% (30391/116887)[7m^M[27mremote: Counting objects:  27% (31560/116887)[7m^M[27mremote: Counting objects:  28% (32729/[m :[K[K[32m116887)[7m^M[27mremote: Counting objects:  29% (33898/116887)[7m^M[27mremote: Counting objects:  30% (35067/116887)[7m^M[27mremote: Counting objects:  31% (36235/116887)[7m^M[27mremote: Counting o[m :[K[K[32mbjects:  32% (37404/116887)[7m^M[27mremote: Counting objects:  33% (38573/116887)[7m^M[27mremote: Counting objects:  34% (39742/116887)[7m^M[27mremote: Counting objects:  35% (40911/116887)[m :[K[K[32m[7m^M[27mremote: Counting objects:  36% (42080/116887)[7m^M[27mremote: Counting objects:  37% (43249/116887)[7m^M[27mremote: Counting objects:  38% (44418/116887)[7m^M[27mremote: Counting objects:[m :[K[K[32m  39% (45586/116887)[7m^M[27mremote: Counting objects:  40% (46755/116887)[7m^M[27mremote: Counting objects:  41% (47924/116887)[7m^M[27mremote: Counting objects:  42% (49093/116887)[7m^M[27mremot[m :[K[K[32me: Counting objects:  43% (50262/116887)[7m^M[27mremote: Counting objects:  44% (51431/116887)[7m^M[27mremote: Counting objects:  45% (52600/116887)[7m^M[27mremote: Counting objects:  46% ([m :[K[K[32m53769/116887)[7m^M[27mremote: Counting objects:  47% (54937/116887)[7m^M[27mremote: Counting objects:  48% (56106/116887)[7m^M[27mremote: Counting objects:  49% (57275/116887)[7m^M[27mremote: Coun[m :[K[K[32mting objects:  50% (58444/116887)[7m^M[27mremote: Counting objects:  51% (59613/116887)[7m^M[27mremote: Counting objects:  52% (60782/116887)[7m^M[27mremote: Counting objects:  53% (61951/1[m :[K[K[32m16887)[7m^M[27mremote: Counting objects:  54% (63119/116887)[7m^M[27mremote: Counting objects:  55% (64288/116887)[7m^M[27mremote: Counting objects:  56% (65457/116887)[7m^M[27mremote: Counting ob[m :[K[K[32mjects:  57% (66626/116887)[7m^M[27mremote: Counting objects:  58% (67795/116887)[7m^M[27mremote: Counting objects:  59% (68964/116887)[7m^M[27mremote: Counting objects:  60% (70133/116887)[m
:[K[K[32m[7m^M[27mremote: Counting objects:  61% (71302/116887)[7m^M[27mremote: Counting objects:  62% (72470/116887)[7m^M[27mremote: Counting objects:  63% (73639/116887)[7m^M[27mremote: Counting objects:[m :[K[K[32m  64% (74808/116887)[7m^M[27mremote: Counting objects:  65% (75977/116887)[7m^M[27mremote: Counting objects:  66% (77146/116887)[7m^M[27mremote: Counting objects:  67% (78315/116887)[7m^M[27mremot[m :[K[K[32me: Counting objects:  68% (79484/116887)[7m^M[27mremote: Counting objects:  69% (80653/116887)[7m^M[27mremote: Counting objects:  70% (81821/116887)[7m^M[27mremote: Counting objects:  71% ([m :[K[K[32m82990/116887)[7m^M[27mremote: Counting objects:  72% (84159/116887)[7m^M[27mremote: Counting objects:  73% (85328/116887)[7m^M[27mremote: Counting objects:  74% (86497/116887)[7m^M[27mremote: Coun[m :[K[K[32mting objects:  75% (87666/116887)[7m^M[27mremote: Counting objects:  76% (88835/116887)[7m^M[27mremote: Counting objects:  77% (90003/116887)[7m^M[27mremote: Counting objects:  78% (91172/1[m :[K[K[32m16887)[7m^M[27mremote: Counting objects:  79% (92341/116887)[7m^M[27mremote: Counting objects:  80% (93510/116887)[7m^M[27mremote: Counting objects:  81% (94679/116887)[7m^M[27mremote: Counting ob[m :[K[K[32mjects:  82% (95848/116887)[7m^M[27mremote: Counting objects:  83% (97017/116887)[7m^M[27mremote: Counting objects:  84% (98186/116887)[7m^M[27mremote: Counting objects:  85% (99354/116887)[m
:[K[K[32m[7m^M[27mremote: Counting objects:  86% (100523/116887)[7m^M[27mremote: Counting objects:  87% (101692/116887)[7m^M[27mremote: Counting objects:  88% (102861/116887)[7m^M[27mremote: Counting objec[m :[K[K[32mts:  89% (104030/116887)[7m^M[27mremote: Counting objects:  90% (105199/116887)[7m^M[27mremote: Counting objects:  91% (106368/116887)[7m^M[27mremote: Counting objects:  92% (107537/116887)[m :[K[K[32m[7m^M[27mremote: Counting objects:  93% (108705/116887)[7m^M[27mremote: Counting objects:  94% (109874/116887)[7m^M[27mremote: Counting objects:  95% (111043/116887)[7m^M[27mremote: Counting objec[m :[K[K[32mts:  96% (112212/116887)[7m^M[27mremote: Counting objects:  97% (113381/116887)[7m^M[27mremote: Counting objects:  98% (114550/116887)[7m^M[27mremote: Counting objects:  99% (115719/116887)[m :[K[K[32m[7m^M[27mremote: Counting objects: 100% (116887/116887)[7m^M[27mremote: Counting objects: 100% (116887/116887), done.[m[m
:[K[K[32m +remote: Compressing objects:   0% (1/32581)[7m^M[27mremote: Compressing objects:   1% (326/32581)[7m^M[27mremote: Compressing objects:   2% (652/32581)[7m^M[27mremote: Compressing objects[m :[K[K[32m:   3% (978/32581)[7m^M[27mremote: Compressing objects:   4% (1304/32581)[7m^M[27mremote: Compressing objects:   5% (1630/32581)[7m^M[27mremote: Compressing objects:   6% (1955/32581)[7m^M[27mremo[m :[K[K[32mte: Compressing objects:   7% (2281/32581)[7m^M[27mremote: Compressing objects:   8% (2607/32581)[7m^M[27mremote: Compressing objects:   9% (2933/32581)[7m^M[27mremote: Compressing objects:[m :[K[K[32m  10% (3259/32581)[7m^M[27mremote: Compressing objects:  11% (3584/32581)[7m^M[27mremote: Compressing objects:  12% (3910/32581)[7m^M[27mremote: Compressing objects:  13% (4236/32581)[7m^M[27mremo[m :[K[K[32mte: Compressing objects:  14% (4562/32581)[7m^M[27mremote: Compressing objects:  15% (4888/32581)[7m^M[27mremote: Compressing objects:  16% (5213/32581)[7m^M[27mremote: Compressing objects:[m :[K[K[32m  17% (5539/32581)[7m^M[27mremote: Compressing objects:  18% (5865/32581)[7m^M[27mremote: Compressing objects:  19% (6191/32581)[7m^M[27mremote: Compressing objects:  20% (6517/32581)[7m^M[27mremo[m :[K[K[32mte: Compressing objects:  21% (6843/32581)[7m^M[27mremote: Compressing objects:  22% (7168/32581)[7m^M[27mremote: Compressing objects:  23% (7494/32581)[7m^M[27mremote: Compressing objects:[m :[K[K[32m  24% (7820/32581)[7m^M[27mremote: Compressing objects:  25% (8146/32581)[7m^M[27mremote: Compressing objects:  26% (8472/32581)[7m^M[27mremote: Compressing objects:  27% (8797/32581)[7m^M[27mremo[m :[K[K[32mte: Compressing objects:  28% (9123/32581)[7m^M[27mremote: Compressing objects:  29% (9449/32581)[7m^M[27mremote: Compressing objects:  30% (9775/32581)[7m^M[27mremote: Compressing objects:[m :[K[K[32m  31% (10101/32581)[7m^M[27mremote: Compressing objects:  32% (10426/32581)[7m^M[27mremote: Compressing objects:  33% (10752/32581)[7m^M[27mremote: Compressing objects:  34% (11078/32581)[7m^M[27m[m :[K[K[32m[7m^M[27mremote: Compressing objects:  35% (11404/32581)[7m^M[27mremote: Compressing objects:  36% (11730/32581)[7m^M[27mremote: Compressing objects:  37% (12055/32581)[7m^M[27mremote: Compressing[m :[K[K[32m objects:  38% (12381/32581)[7m^M[27mremote: Compressing objects:  39% (12707/32581)[7m^M[27mremote: Compressing objects:  40% (13033/32581)[7m^M[27mremote: Compressing objects:  41% (13359[m :[K[K[32m/32581)[7m^M[27mremote: Compressing objects:  42% (13685/32581)[7m^M[27mremote: Compressing objects:  43% (14010/32581)[7m^M[27mremote: Compressing objects:  44% (14336/32581)[7m^M[27mremote: Comp[m :[K[K[32mressing objects:  45% (14662/32581)[7m^M[27mremote: Compressing objects:  46% (14988/32581)[7m^M[27mremote: Compressing objects:  47% (15314/32581)[7m^M[27mremote: Compressing objects:  48%[m :[K[K[32m (15639/32581)[7m^M[27mremote: Compressing objects:  49% (15965/32581)[7m^M[27mremote: Compressing objects:  50% (16291/32581)[7m^M[27mremote: Compressing objects:  51% (16617/32581)[7m^M[27mremot[m :[K[K[32me: Compressing objects:  52% (16943/32581)[7m^M[27mremote: Compressing objects:  53% (17268/32581)[7m^M[27mremote: Compressing objects:  54% (17594/32581)[7m^M[27mremote: Compressing object[m :[K[K[32ms:  55% (17920/32581)[7m^M[27mremote: Compressing objects:  56% (18246/32581)[7m^M[27mremote: Compressing objects:  57% (18572/32581)[7m^M[27mremote: Compressing objects:  58% (18897/32581)[m :[K[K[32m[7m^M[27mremote: Compressing objects:  59% (19223/32581)[7m^M[27mremote: Compressing objects:  60% (19549/32581)[7m^M[27mremote: Compressing objects:  61% (19875/32581)[7m^M[27mremote: Compressing[m :[K[K[32m objects:  62% (20201/32581)[7m^M[27mremote: Compressing objects:  63% (20527/32581)[7m^M[27mremote: Compressing objects:  64% (20852/32581)[7m^M[27mremote: Compressing objects:  65% (21178[m :[K[K[32m/32581)[7m^M[27mremote: Compressing objects:  66% (21504/32581)[7m^M[27mremote: Compressing objects:  67% (21830/32581)[7m^M[27mremote: Compressing objects:  68% (22156/32581)[7m^M[27mremote: Comp[m :[K[K[32mressing objects:  69% (22481/32581)[7m^M[27mremote: Compressing objects:  70% (22807/32581)[7m^M[27mremote: Compressing objects:  71% (23133/32581)[7m^M[27mremote: Compressing objects:  72%[m :[K[K[32m (23459/32581)[7m^M[27mremote: Compressing objects:  73% (23785/32581)[7m^M[27mremote: Compressing objects:  74% (24110/32581)[7m^M[27mremote: Compressing objects:  75% (24436/32581)[7m^M[27mremot[m :[K[K[32me: Compressing objects:  76% (24762/32581)[7m^M[27mremote: Compressing objects:  77% (25088/32581)[7m^M[27mremote: Compressing objects:  78% (25414/32581)[7m^M[27mremote: Compressing object[m :[K[K[32ms:  79% (25739/32581)[7m^M[27mremote: Compressing objects:  80% (26065/32581)[7m^M[27mremote: Compressing objects:  81% (26391/32581)[7m^M[27mremote: Compressing objects:  82% (26717/32581)[m :[K[K[32m[7m^M[27mremote: Compressing objects:  83% (27043/32581)[7m^M[27mremote: Compressing objects:  84% (27369/32581)[7m^M[27mremote: Compressing objects:  85% (27694/32581)[7m^M[27mremote: Compressing[m :[K[K[32m objects:  86% (28020/32581)[7m^M[27mremote: Compressing objects:  87% (28346/32581)[7m^M[27mremote: Compressing objects:  88% (28672/32581)[7m^M[27mremote: Compressing objects:  89% (28998[m :[K[K[32m/32581)[7m^M[27mremote: Compressing objects:  90% (29323/32581)[7m^M[27mremote: Compressing objects:  91% (29649/32581)[7m^M[27mremote: Compressing objects:  92% (29975/32581)[7m^M[27mremote: Comp[m :[K[K[32mressing objects:  93% (30301/32581)[7m^M[27mremote: Compressing objects:  94% (30627/32581)[7m^M[27mremote: Compressing objects:  95% (30952/32581)[7m^M[27mremote: Compressing objects:  96%[m :[K[K[32m (31278/32581)[7m^M[27mremote: Compressing objects:  97% (31604/32581)[7m^M[27mremote: Compressing objects:  98% (31930/32581)[7m^M[27mremote: Compressing objects:  99% (32256/32581)[7m^M[27mremot[m :[K[K[32me: Compressing objects: 100% (32581/32581)[7m^M[27mremote: Compressing objects: 100% (32581/32581), done.[m[m
:[K[K[32m +Receiving objects:   0% (1/116887)[7m^M[27mReceiving objects:   1% (1169/116887)[7m^M[27mReceiving objects:   2% (2338/116887)[7m^M[27mReceiving objects:   3% (3507/116887)[7m^M[27mReceiving obj[m :[K[K[32mects:   4% (4676/116887), 1.45 MiB | 2.89 MiB/s[7m^M[27mReceiving objects:   5% (5845/116887), 1.45 MiB | 2.89 MiB/s[7m^M[27mReceiving objects:   6% (7014/116887), 1.45 MiB | 2.89 Mi[m :[K[K[32mB/s[7m^M[27mReceiving objects:   7% (8183/116887), 1.45 MiB | 2.89 MiB/s[7m^M[27mReceiving objects:   8% (9351/116887), 1.45 MiB | 2.89 MiB/s[7m^M[27mReceiving objects:   9% (10520/116887),[m :[K[K[32m 1.45 MiB | 2.89 MiB/s[7m^M[27mReceiving objects:  10% (11689/116887), 1.45 MiB | 2.89 MiB/s[7m^M[27mReceiving objects:  11% (12858/116887), 1.45 MiB | 2.89 MiB/s[7m^M[27mReceiving objects:[m :[K[K[32m  12% (14027/116887), 1.45 MiB | 2.89 MiB/s[7m^M[27mReceiving objects:  12% (14695/116887), 1.45 MiB | 2.89 MiB/s[7m^M[27mReceiving objects:  13% (15196/116887), 4.13 MiB | 4.12 MiB/[m :[K[K[32ms[7m^M[27mReceiving objects:  14% (16365/116887), 4.13 MiB | 4.12 MiB/s[7m^M[27mReceiving objects:  15% (17534/116887), 4.13 MiB | 4.12 MiB/s[7m^M[27mReceiving objects:  16% (18702/116887),[m :[K[K[32m 4.13 MiB | 4.12 MiB/s[7m^M[27mReceiving objects:  17% (19871/116887), 4.13 MiB | 4.12 MiB/s[7m^M[27mReceiving objects:  18% (21040/116887), 4.13 MiB | 4.12 MiB/s[7m^M[27mReceiving objects:[m :[K[K[32m  19% (22209/116887), 4.13 MiB | 4.12 MiB/s[7m^M[27mReceiving objects:  20% (23378/116887), 4.13 MiB | 4.12 MiB/s[7m^M[27mReceiving objects:  21% (24547/116887), 4.13 MiB | 4.12 MiB/[m :[K[K[32ms[7m^M[27mReceiving objects:  22% (25716/116887), 4.13 MiB | 4.12 MiB/s[7m^M[27mReceiving objects:  23% (26885/116887), 7.79 MiB | 5.19 MiB/s[7m^M[27mReceiving objects:  23% (27456/116887),[m :[K[K[32m 7.79 MiB | 5.19 MiB/s[7m^M[27mReceiving objects:  24% (28053/116887), 12.18 MiB | 6.09 MiB/s[7m^M[27mReceiving objects:  25% (29222/116887), 12.18 MiB | 6.09 MiB/s[7m^M[27mReceiving object[m :[K[K[32ms:  26% (30391/116887), 16.50 MiB | 6.60 MiB/s[7m^M[27mReceiving objects:  27% (31560/116887), 16.50 MiB | 6.60 MiB/s[7m^M[27mReceiving objects:  28% (32729/116887), 16.50 MiB | 6.60[m :[K[K[32m MiB/s[7m^M[27mReceiving objects:  28% (33711/116887), 16.50 MiB | 6.60 MiB/s[7m^M[27mReceiving objects:  29% (33898/116887), 21.01 MiB | 7.00 MiB/s[7m^M[27mReceiving objects:  30% (35067/1[m :[K[K[32m16887), 21.01 MiB | 7.00 MiB/s[7m^M[27mReceiving objects:  31% (36235/116887), 21.01 MiB | 7.00 MiB/s[7m^M[27mReceiving objects:  32% (37404/116887), 21.01 MiB | 7.00 MiB/s[7m^M[27mReceivin[m :[K[K[32mg objects:  33% (38573/116887), 21.01 MiB | 7.00 MiB/s[7m^M[27mReceiving objects:  34% (39742/116887), 21.01 MiB | 7.00 MiB/s[7m^M[27mReceiving objects:  35% (40911/116887), 21.01 Mi[m :[K[K[32mB | 7.00 MiB/s[7m^M[27mReceiving objects:  36% (42080/116887), 25.61 MiB | 7.31 MiB/s[7m^M[27mReceiving objects:  37% (43249/116887), 25.61 MiB | 7.31 MiB/s[7m^M[27mReceiving objects:  38% [m :[K[K[32m(44418/116887), 25.61 MiB | 7.31 MiB/s[7m^M[27mReceiving objects:  39% (45586/116887), 25.61 MiB | 7.31 MiB/s[7m^M[27mReceiving objects:  40% (46755/116887), 25.61 MiB | 7.31 MiB/s[7m^M[27m[m :[K[K[32m[7m^M[27mReceiving objects:  40% (47808/116887), 25.61 MiB | 7.31 MiB/s[7m^M[27mReceiving objects:  41% (47924/116887), 30.32 MiB | 7.57 MiB/s[7m^M[27mReceiving objects:  42% (49093/116887)[m :[K[K[32m, 30.32 MiB | 7.57 MiB/s[7m^M[27mReceiving objects:  43% (50262/116887), 30.32 MiB | 7.57 MiB/s[7m^M[27mReceiving objects:  44% (51431/116887), 30.32 MiB | 7.57 MiB/s[7m^M[27mReceiving obje[m :[K[K[32mcts:  45% (52600/116887), 30.32 MiB | 7.57 MiB/s[7m^M[27mReceiving objects:  46% (53769/116887), 30.32 MiB | 7.57 MiB/s[7m^M[27mReceiving objects:  47% (54937/116887), 30.32 MiB | 7.[m :[K[K[32m57 MiB/s[7m^M[27mReceiving objects:  48% (56106/116887), 30.32 MiB | 7.57 MiB/s[7m^M[27mReceiving objects:  49% (57275/116887), 30.32 MiB | 7.57 MiB/s[7m^M[27mReceiving objects:  50% (58444[m :[K[K[32m/116887), 34.90 MiB | 7.75 MiB/s[7m^M[27mReceiving objects:  51% (59613/116887), 34.90 MiB | 7.75 MiB/s[7m^M[27mReceiving objects:  52% (60782/116887), 34.90 MiB | 7.75 MiB/s[7m^M[27mReceiv[m :[K[K[32ming objects:  53% (61951/116887), 34.90 MiB | 7.75 MiB/s[7m^M[27mReceiving objects:  54% (63119/116887), 34.90 MiB | 7.75 MiB/s[7m^M[27mReceiving objects:  55% (64288/116887), 34.90 [m :[K[K[32mMiB | 7.75 MiB/s[7m^M[27mReceiving objects:  56% (65457/116887), 34.90 MiB | 7.75 MiB/s[7m^M[27mReceiving objects:  57% (66626/116887), 34.90 MiB | 7.75 MiB/s[7m^M[27mReceiving objects:  58[m :[K[K[32m% (67795/116887), 34.90 MiB | 7.75 MiB/s[7m^M[27mReceiving objects:  59% (68964/116887), 34.90 MiB | 7.75 MiB/s[7m^M[27mReceiving objects:  60% (70133/116887), 34.90 MiB | 7.75 MiB/s[m :[K[K[32m[7m^M[27mReceiving objects:  61% (71302/116887), 34.90 MiB | 7.75 MiB/s[7m^M[27mReceiving objects:  62% (72470/116887), 34.90 MiB | 7.75 MiB/s[7m^M[27mReceiving objects:  62% (73370/116887)[m :[K[K[32m, 34.90 MiB | 7.75 MiB/s[7m^M[27mReceiving objects:  63% (73639/116887), 43.50 MiB | 8.73 MiB/s[7m^M[27mReceiving objects:  64% (74808/116887), 43.50 MiB | 8.73 MiB/s[7m^M[27mReceiving obje[m :[K[K[32mcts:  65% (75977/116887), 43.50 MiB | 8.73 MiB/s[7m^M[27mReceiving objects:  66% (77146/116887), 43.50 MiB | 8.73 MiB/s[7m^M[27mReceiving objects:  67% (78315/116887), 43.50 MiB | 8.[m :[K[K[32m73 MiB/s[7m^M[27mReceiving objects:  68% (79484/116887), 43.50 MiB | 8.73 MiB/s[7m^M[27mReceiving objects:  68% (80114/116887), 43.50 MiB | 8.73 MiB/s[7m^M[27mReceiving objects:  69% (80653[m :[K[K[32m/116887), 47.97 MiB | 8.92 MiB/s[7m^M[27mReceiving objects:  70% (81821/116887), 47.97 MiB | 8.92 MiB/s[7m^M[27mReceiving objects:  71% (82990/116887), 47.97 MiB | 8.92 MiB/s[7m^M[27mReceiv[m :[K[K[32ming objects:  72% (84159/116887), 47.97 MiB | 8.92 MiB/s[7m^M[27mReceiving objects:  73% (85328/116887), 47.97 MiB | 8.92 MiB/s[7m^M[27mReceiving objects:  74% (86497/116887), 47.97 [m :[K[K[32mMiB | 8.92 MiB/s[7m^M[27mReceiving objects:  75% (87666/116887), 47.97 MiB | 8.92 MiB/s[7m^M[27mReceiving objects:  76% (88835/116887), 47.97 MiB | 8.92 MiB/s[7m^M[27mReceiving objects:  77[m :[K[K[32m% (90003/116887), 47.97 MiB | 8.92 MiB/s[7m^M[27mReceiving objects:  78% (91172/116887), 47.97 MiB | 8.92 MiB/s[7m^M[27mReceiving objects:  79% (92341/116887), 52.36 MiB | 8.91 MiB/s[m :[K[K[32m[7m^M[27mReceiving objects:  80% (93510/116887), 52.36 MiB | 8.91 MiB/s[7m^M[27mReceiving objects:  81% (94679/116887), 52.36 MiB | 8.91 MiB/s[7m^M[27mReceiving objects:  82% (95848/116887)[m :[K[K[32m, 52.36 MiB | 8.91 MiB/s[7m^M[27mReceiving objects:  83% (97017/116887), 52.36 MiB | 8.91 MiB/s[7m^M[27mReceiving objects:  84% (98186/116887), 52.36 MiB | 8.91 MiB/s[7m^M[27mReceiving obje[m :[K[K[32mcts:  85% (99354/116887), 52.36 MiB | 8.91 MiB/s[7m^M[27mReceiving objects:  86% (100523/116887), 52.36 MiB | 8.91 MiB/s[7m^M[27mReceiving objects:  87% (101692/116887), 52.36 MiB | [m :[K[K[32m8.91 MiB/s[7m^M[27mReceiving objects:  88% (102861/116887), 52.36 MiB | 8.91 MiB/s[7m^M[27mReceiving objects:  89% (104030/116887), 52.36 MiB | 8.91 MiB/s[7m^M[27mReceiving objects:  90% (1[m :[K[K[32m05199/116887), 52.36 MiB | 8.91 MiB/s[7m^M[27mReceiving objects:  91% (106368/116887), 52.36 MiB | 8.91 MiB/s[7m^M[27mReceiving objects:  92% (107537/116887), 52.36 MiB | 8.91 MiB/s[m
:[K[K[32m[7m^M[27mReceiving objects:  93% (108705/116887), 52.36 MiB | 8.91 MiB/s[7m^M[27mReceiving objects:  94% (109874/116887), 52.36 MiB | 8.91 MiB/s[7m^M[27mReceiving objects:  95% (111043/1168[m :[K[K[32m87), 52.36 MiB | 8.91 MiB/s[7m^M[27mReceiving objects:  96% (112212/116887), 52.36 MiB | 8.91 MiB/s[7m^M[27mReceiving objects:  96% (112987/116887), 52.36 MiB | 8.91 MiB/s[7m^M[27mReceiving[m :[K[K[32m objects:  97% (113381/116887), 52.36 MiB | 8.91 MiB/s[7m^M[27mReceiving objects:  98% (114550/116887), 56.86 MiB | 8.95 MiB/s[7m^M[27mReceiving objects:  99% (115719/116887), 56.86 [m :[K[K[32mMiB | 8.95 MiB/s[7m^M[27mremote: Total 116887 (delta 83223), reused 115871 (delta 82325), pack-reused 0[m[m
:[K[K[32m +Receiving objects: 100% (116887/116887), 56.86 MiB | 8.95 MiB/s[7m^M[27mReceiving objects: 100% (116887/116887), 58.09 MiB | 8.12 MiB/s, done.[m[m
:[K[K[32m +Resolving deltas:   0% (0/83223)[7m^M[27mResolving deltas:   1% (1352/83223)[7m^M[27mResolving deltas:   2% (1736/83223)[7m^M[27mResolving deltas:   3% (2499/83223)[7m^M[27mResolving deltas:   4[m :[K[K[32m% (3382/83223)[7m^M[27mResolving deltas:   5% (4163/83223)[7m^M[27mResolving deltas:   6% (5119/83223)[7m^M[27mResolving deltas:   7% (5830/83223)[7m^M[27mResolving deltas:   8% (6671/83223)[7m^M[27mReso[m :[K[K[32mlving deltas:   9% (7543/83223)[7m^M[27mResolving deltas:  10% (8336/83223)[7m^M[27mResolving deltas:  11% (9155/83223)[7m^M[27mResolving deltas:  12% (9987/83223)[7m^M[27mResolving deltas:  13% ([m :[K[K[32m10820/83223)[7m^M[27mResolving deltas:  14% (11723/83223)[7m^M[27mResolving deltas:  15% (12525/83223)[7m^M[27mResolving deltas:  16% (13327/83223)[7m^M[27mResolving deltas:  17% (14234/83223)[7m^M[27mRe[m :[K[K[32msolving deltas:  18% (15404/83223)[7m^M[27mResolving deltas:  19% (15968/83223)[7m^M[27mResolving deltas:  20% (16680/83223)[7m^M[27mResolving deltas:  21% (17478/83223)[7m^M[27mResolving deltas: [m :[K[K[32m 22% (18392/83223)[7m^M[27mResolving deltas:  23% (19259/83223)[7m^M[27mResolving deltas:  24% (20036/83223)[7m^M[27mResolving deltas:  25% (20858/83223)[7m^M[27mResolving deltas:  26% (21644/8322[m :[K[K[32m3)[7m^M[27mResolving deltas:  27% (22492/83223)[7m^M[27mResolving deltas:  28% (23359/83223)[7m^M[27mResolving deltas:  29% (24525/83223)[7m^M[27mResolving deltas:  30% (25103/83223)[7m^M[27mResolving de[m :[K[K[32mltas:  31% (25814/83223)[7m^M[27mResolving deltas:  32% (26646/83223)[7m^M[27mResolving deltas:  33% (27470/83223)[7m^M[27mResolving deltas:  34% (28299/83223)[7m^M[27mResolving deltas:  35% (2938[m :[K[K[32m1/83223)[7m^M[27mResolving deltas:  36% (30145/83223)[7m^M[27mResolving deltas:  37% (30802/83223)[7m^M[27mResolving deltas:  38% (31735/83223)[7m^M[27mResolving deltas:  39% (32615/83223)[7m^M[27mResolv[m :[K[K[32ming deltas:  40% (33297/83223)[7m^M[27mResolving deltas:  41% (34127/83223)[7m^M[27mResolving deltas:  42% (35028/83223)[7m^M[27mResolving deltas:  43% (35804/83223)[7m^M[27mResolving deltas:  44%[m :[K[K[32m (36655/83223)[7m^M[27mResolving deltas:  45% (37501/83223)[7m^M[27mResolving deltas:  46% (38288/83223)[7m^M[27mResolving deltas:  47% (39274/83223)[7m^M[27mResolving deltas:  48% (39979/83223)[7m^M[27m[m :[K[K[32m[7m^M[27mResolving deltas:  49% (40801/83223)[7m^M[27mResolving deltas:  50% (41692/83223)[7m^M[27mResolving deltas:  51% (42600/83223)[7m^M[27mResolving deltas:  58% (48574/83223)[7m^M[27mResolving delt[m :[K[K[32mas:  59% (49229/83223)[7m^M[27mResolving deltas:  60% (49952/83223)[7m^M[27mResolving deltas:  61% (50963/83223)[7m^M[27mResolving deltas:  62% (51644/83223)[7m^M[27mResolving deltas:  63% (52435/[m :[K[K[32m83223)[7m^M[27mResolving deltas:  64% (53272/83223)[7m^M[27mResolving deltas:  65% (54332/83223)[7m^M[27mResolving deltas:  66% (54948/83223)[7m^M[27mResolving deltas:  67% (55846/83223)[7m^M[27mResolvin[m :[K[K[32mg deltas:  68% (56671/83223)[7m^M[27mResolving deltas:  69% (57438/83223)[7m^M[27mResolving deltas:  70% (58393/83223)[7m^M[27mResolving deltas:  70% (58776/83223)[7m^M[27mResolving deltas:  71% ([m :[K[K[32m59120/83223)[7m^M[27mResolving deltas:  72% (59940/83223)[7m^M[27mResolving deltas:  73% (60759/83223)[7m^M[27mResolving deltas:  74% (61607/83223)[7m^M[27mResolving deltas:  75% (62418/83223)[7m^M[27mRe[m :[K[K[32msolving deltas:  76% (63252/83223)[7m^M[27mResolving deltas:  77% (64087/83223)[7m^M[27mResolving deltas:  78% (64941/83223)[7m^M[27mResolving deltas:  79% (65755/83223)[7m^M[27mResolving deltas: [m :[K[K[32m 80% (67316/83223)[7m^M[27mResolving deltas:  81% (67417/83223)[7m^M[27mResolving deltas:  82% (68252/83223)[7m^M[27mResolving deltas:  83% (69087/83223)[7m^M[27mResolving deltas:  84% (69932/8322[m :[K[K[32m3)[7m^M[27mResolving deltas:  85% (70750/83223)[7m^M[27mResolving deltas:  86% (71629/83223)[7m^M[27mResolving deltas:  87% (72422/83223)[7m^M[27mResolving deltas:  88% (73261/83223)[7m^M[27mResolving de[m :[K[K[32mltas:  89% (74115/83223)[7m^M[27mResolving deltas:  90% (74928/83223)[7m^M[27mResolving deltas:  91% (75771/83223)[7m^M[27mResolving deltas:  92% (76566/83223)[7m^M[27mResolving deltas:  93% (7743[m :[K[K[32m4/83223)[7m^M[27mResolving deltas:  93% (77501/83223)[7m^M[27mResolving deltas:  94% (78251/83223)[7m^M[27mResolving deltas:  95% (79064/83223)[7m^M[27mResolving deltas:  96% (79904/83223)[7m^M[27mResolv[m :[K[K[32ming deltas:  97% (80739/83223)[7m^M[27mResolving deltas:  98% (81667/83223)[7m^M[27mResolving deltas:  99% (82412/83223)[7m^M[27mResolving deltas: 100% (83223/83223)[7m^M[27mResolving deltas: 100%[m :[K[K[32m (83223/83223), done.[m[m
:[K[K[32m +Updating files:   1% (184/11493)[7m^M[27mUpdating files:   2% (230/11493)[7m^M[27mUpdating files:   3% (345/11493)[7m^M[27mUpdating files:   4% (460/11493)[7m^M[27mUpdating files:   4% (564/1149[m :[K[K[32m3)[7m^M[27mUpdating files:   5% (575/11493)[7m^M[27mUpdating files:   6% (690/11493)[7m^M[27mUpdating files:   7% (805/11493)[7m^M[27mUpdating files:   8% (920/11493)[7m^M[27mUpdating files:   8% (979/11[m :[K[K[32m493)[7m^M[27mUpdating files:   9% (1035/11493)[7m^M[27mUpdating files:  10% (1150/11493)[7m^M[27mUpdating files:  11% (1265/11493)[7m^M[27mUpdating files:  12% (1380/11493)[7m^M[27mUpdating files:  12% ([m :[K[K[32m1453/11493)[7m^M[27mUpdating files:  13% (1495/11493)[7m^M[27mUpdating files:  14% (1610/11493)[7m^M[27mUpdating files:  15% (1724/11493)[7m^M[27mUpdating files:  15% (1733/11493)[7m^M[27mUpdating files:[m :[K[K[32m  16% (1839/11493)[7m^M[27mUpdating files:  17% (1954/11493)[7m^M[27mUpdating files:  17% (2013/11493)[7m^M[27mUpdating files:  18% (2069/11493)[7m^M[27mUpdating files:  19% (2184/11493)[7m^M[27mUpdating[m :[K[K[32m files:  20% (2299/11493)[7m^M[27mUpdating files:  20% (2304/11493)[7m^M[27mUpdating files:  21% (2414/11493)[7m^M[27mUpdating files:  22% (2529/11493)[7m^M[27mUpdating files:  23% (2644/11493)[7m^M[27mU[m :[K[K[?1l>
[2]+  Stopped                 git show v1.0
]0;aman-sharma@TIGER02413: /mnt/d/mle_program[01;32maman-sharma@TIGER02413[00m:[01;34m/mnt/d/mle_program[00m$ clear
[H[2J[3J]0;aman-sharma@TIGER02413: /mnt/d/mle_program[01;32maman-sharma@TIGER02413[00m:[01;34m/mnt/d/mle_program[00m$ git add .
]0;aman-sharma@TIGER02413: /mnt/d/mle_program[01;32maman-sharma@TIGER02413[00m:[01;34m/mnt/d/mle_program[00m$ git commit -m 'git basic done'
[main a7e3d09] git basic done
 1 file changed, 252 insertions(+), 1 deletion(-)
]0;aman-sharma@TIGER02413: /mnt/d/mle_program[01;32maman-sharma@TIGER02413[00m:[01;34m/mnt/d/mle_program[00m$ git push origin main
Username for 'https://github.com': aman-sharma-tiger
Password for 'https://aman-sharma-tiger@github.com': 
remote: Invalid username or password.
fatal: Authentication failed for 'https://github.com/aman-sharma-tiger/mle_program.git/'
]0;aman-sharma@TIGER02413: /mnt/d/mle_program[01;32maman-sharma@TIGER02413[00m:[01;34m/mnt/d/mle_program[00m$ git push origin main
Username for 'https://github.com': aman-sharma-tiger
Password for 'https://aman-sharma-tiger@github.com': 
remote: Invalid username or password.
fatal: Authentication failed for 'https://github.com/aman-sharma-tiger/mle_program.git/'
]0;aman-sharma@TIGER02413: /mnt/d/mle_program[01;32maman-sharma@TIGER02413[00m:[01;34m/mnt/d/mle_program[00m$ git push origin main
Username for 'https://github.com': aman-sharma-tiger
Password for 'https://aman-sharma-tiger@github.com': 
remote: Invalid username or password.
fatal: Authentication failed for 'https://github.com/aman-sharma-tiger/mle_program.git/'
]0;aman-sharma@TIGER02413: /mnt/d/mle_program[01;32maman-sharma@TIGER02413[00m:[01;34m/mnt/d/mle_program[00m$ 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[K[K[K[K[K[K[K[K[K[K[K[K[K[K[K[K[K[K[K[K[K[K[K[K[K[K[K[K[K[K[K[K[K[K[K[K[K[K[K[Kgit push origin main
Username for 'https://github.com': aman-sharma-tiger
Password for 'https://aman-sharma-tiger@github.com': 
remote: Support for password authentication was removed on August 13, 2021. Please use a personal access token instead.
remote: Please see https://github.blog/2020-12-15-token-authentication-requirements-for-git-operations/ for more information.
fatal: Authentication failed for 'https://github.com/aman-sharma-tiger/mle_program.git/'
]0;aman-sharma@TIGER02413: /mnt/d/mle_program[01;32maman-sharma@TIGER02413[00m:[01;34m/mnt/d/mle_program[00m$ git push origin main
Username for 'https://github.com': aman-sharma-tiger
Password for 'https://aman-sharma-tiger@github.com': 
Enumerating objects: 7, done.
Counting objects:  14% (1/7)Counting objects:  28% (2/7)Counting objects:  42% (3/7)Counting objects:  57% (4/7)Counting objects:  71% (5/7)Counting objects:  85% (6/7)Counting objects: 100% (7/7)Counting objects: 100% (7/7), done.
Delta compression using up to 8 threads
Compressing objects:  33% (1/3)Compressing objects:  66% (2/3)Compressing objects: 100% (3/3)Compressing objects: 100% (3/3), done.
Writing objects:  25% (1/4)Writing objects:  50% (2/4)Writing objects:  75% (3/4)Writing objects: 100% (4/4)Writing objects: 100% (4/4), 11.98 KiB | 5.99 MiB/s, done.
Total 4 (delta 1), reused 0 (delta 0)
remote: Resolving deltas:   0% (0/1)[Kremote: Resolving deltas: 100% (1/1)[Kremote: Resolving deltas: 100% (1/1), completed with 1 local object.[K
To https://github.com/aman-sharma-tiger/mle_program.git
   c522f81..a7e3d09  main -> main
]0;aman-sharma@TIGER02413: /mnt/d/mle_program[01;32maman-sharma@TIGER02413[00m:[01;34m/mnt/d/mle_program[00m$ clear
[H[2J[3J]0;aman-sharma@TIGER02413: /mnt/d/mle_program[01;32maman-sharma@TIGER02413[00m:[01;34m/mnt/d/mle_program[00m$ exit
exit
There are stopped jobs.
]0;aman-sharma@TIGER02413: /mnt/d/mle_program[01;32maman-sharma@TIGER02413[00m:[01;34m/mnt/d/mle_program[00m$ git add .
]0;aman-sharma@TIGER02413: /mnt/d/mle_program[01;32maman-sharma@TIGER02413[00m:[01;34m/mnt/d/mle_program[00m$ git commit -m 'done with the git sessions'
[main 0b55adc] done with the git sessions
 1 file changed, 39 insertions(+), 1 deletion(-)
]0;aman-sharma@TIGER02413: /mnt/d/mle_program[01;32maman-sharma@TIGER02413[00m:[01;34m/mnt/d/mle_program[00m$ git status
On branch main
Your branch is ahead of 'origin/main' by 1 commit.
  (use "git push" to publish your local commits)

Changes not staged for commit:
  (use "git add <file>..." to update what will be committed)
  (use "git restore <file>..." to discard changes in working directory)
	[31mmodified:   git_learning/git_session[m

no changes added to commit (use "git add" and/or "git commit -a")
]0;aman-sharma@TIGER02413: /mnt/d/mle_program[01;32maman-sharma@TIGER02413[00m:[01;34m/mnt/d/mle_program[00m$ git push origin main
Username for 'https://github.com': aman-sharma-tiger
Password for 'https://aman-sharma-tiger@github.com': 
Enumerating objects: 7, done.
Counting objects:  14% (1/7)Counting objects:  28% (2/7)Counting objects:  42% (3/7)Counting objects:  57% (4/7)Counting objects:  71% (5/7)Counting objects:  85% (6/7)Counting objects: 100% (7/7)Counting objects: 100% (7/7), done.
Delta compression using up to 8 threads
Compressing objects:  33% (1/3)Compressing objects:  66% (2/3)Compressing objects: 100% (3/3)Compressing objects: 100% (3/3), done.
Writing objects:  25% (1/4)Writing objects:  50% (2/4)Writing objects:  75% (3/4)Writing objects: 100% (4/4)Writing objects: 100% (4/4), 910 bytes | 910.00 KiB/s, done.
Total 4 (delta 2), reused 0 (delta 0)
remote: Resolving deltas:   0% (0/2)[Kremote: Resolving deltas:  50% (1/2)[Kremote: Resolving deltas: 100% (2/2)[Kremote: Resolving deltas: 100% (2/2), completed with 2 local objects.[K
To https://github.com/aman-sharma-tiger/mle_program.git
   a7e3d09..0b55adc  main -> main
]0;aman-sharma@TIGER02413: /mnt/d/mle_program[01;32maman-sharma@TIGER02413[00m:[01;34m/mnt/d/mle_program[00m$ git status
On branch main
Your branch is up to date with 'origin/main'.

Changes not staged for commit:
  (use "git add <file>..." to update what will be committed)
  (use "git restore <file>..." to discard changes in working directory)
	[31mmodified:   git_learning/git_session[m

no changes added to commit (use "git add" and/or "git commit -a")
]0;aman-sharma@TIGER02413: /mnt/d/mle_program[01;32maman-sharma@TIGER02413[00m:[01;34m/mnt/d/mle_program[00m$ git[K[K[Kclear
[H[2J[3J]0;aman-sharma@TIGER02413: /mnt/d/mle_program[01;32maman-sharma@TIGER02413[00m:[01;34m/mnt/d/mle_program[00m$ script conda_session
Script started, file is conda_session
]0;aman-sharma@TIGER02413: /mnt/d/mle_program[01;32maman-sharma@TIGER02413[00m:[01;34m/mnt/d/mle_program[00m$ git status
On branch main
Your branch is up to date with 'origin/main'.

Changes not staged for commit:
  (use "git add <file>..." to update what will be committed)
  (use "git restore <file>..." to discard changes in working directory)
	[31mmodified:   git_learning/git_session[m

Untracked files:
  (use "git add <file>..." to include in what will be committed)
	[31mconda_session[m

no changes added to commit (use "git add" and/or "git commit -a")
]0;aman-sharma@TIGER02413: /mnt/d/mle_program[01;32maman-sharma@TIGER02413[00m:[01;34m/mnt/d/mle_program[00m$ git commit -m 'conda session begin'
On branch main
Your branch is up to date with 'origin/main'.

Changes not staged for commit:
  (use "git add <fi